
==========================================================================
detailed place report_tns
--------------------------------------------------------------------------
tns max 0.00

==========================================================================
detailed place report_wns
--------------------------------------------------------------------------
wns max 0.00

==========================================================================
detailed place report_worst_slack
--------------------------------------------------------------------------
worst slack max 2.81

==========================================================================
detailed place report_clock_min_period
--------------------------------------------------------------------------

==========================================================================
detailed place report_checks -path_delay min
--------------------------------------------------------------------------
Startpoint: readout_buffer_rst_n$_SDFFE_PP0P_
            (rising edge-triggered flip-flop clocked by clk)
Endpoint: readout_buffer_inst.out_value[2]$_DFFE_PN0P_
          (removal check against rising-edge clock clk)
Path Group: asynchronous
Path Type: min

Fanout     Cap    Slew   Delay    Time   Description
-----------------------------------------------------------------------------
                  0.00    0.00    0.00   clock clk (rise edge)
                          0.00    0.00   clock network delay (ideal)
                  0.00    0.00    0.00 ^ readout_buffer_rst_n$_SDFFE_PP0P_/CLK (gf180mcu_fd_sc_mcu9t5v0__dffq_2)
     9    0.11    1.08    1.46    1.46 ^ readout_buffer_rst_n$_SDFFE_PP0P_/Q (gf180mcu_fd_sc_mcu9t5v0__dffq_2)
                                         readout_buffer_inst.rst_n (net)
                  1.08    0.00    1.46 ^ readout_buffer_inst.out_value[2]$_DFFE_PN0P_/RN (gf180mcu_fd_sc_mcu9t5v0__dffrnq_2)
                                  1.46   data arrival time

                  0.00    0.00    0.00   clock clk (rise edge)
                          0.00    0.00   clock network delay (ideal)
                          0.00    0.00   clock reconvergence pessimism
                                  0.00 ^ readout_buffer_inst.out_value[2]$_DFFE_PN0P_/CLK (gf180mcu_fd_sc_mcu9t5v0__dffrnq_2)
                          0.74    0.74   library removal time
                                  0.74   data required time
-----------------------------------------------------------------------------
                                  0.74   data required time
                                 -1.46   data arrival time
-----------------------------------------------------------------------------
                                  0.71   slack (MET)


Startpoint: current_pixel_index[9]$_SDFFCE_PP0P_
            (rising edge-triggered flip-flop clocked by clk)
Endpoint: current_pixel_index[9]$_SDFFCE_PP0P_
          (rising edge-triggered flip-flop clocked by clk)
Path Group: clk
Path Type: min

Fanout     Cap    Slew   Delay    Time   Description
-----------------------------------------------------------------------------
                  0.00    0.00    0.00   clock clk (rise edge)
                          0.00    0.00   clock network delay (ideal)
                  0.00    0.00    0.00 ^ current_pixel_index[9]$_SDFFCE_PP0P_/CLK (gf180mcu_fd_sc_mcu9t5v0__dffq_2)
     3    0.04    0.41    1.06    1.06 ^ current_pixel_index[9]$_SDFFCE_PP0P_/Q (gf180mcu_fd_sc_mcu9t5v0__dffq_2)
                                         current_pixel_index[9] (net)
                  0.41    0.00    1.06 ^ _21376_/A1 (gf180mcu_fd_sc_mcu9t5v0__oai31_2)
     1    0.00    0.14    0.18    1.24 v _21376_/ZN (gf180mcu_fd_sc_mcu9t5v0__oai31_2)
                                         _00056_ (net)
                  0.14    0.00    1.24 v current_pixel_index[9]$_SDFFCE_PP0P_/D (gf180mcu_fd_sc_mcu9t5v0__dffq_2)
                                  1.24   data arrival time

                  0.00    0.00    0.00   clock clk (rise edge)
                          0.00    0.00   clock network delay (ideal)
                          0.00    0.00   clock reconvergence pessimism
                                  0.00 ^ current_pixel_index[9]$_SDFFCE_PP0P_/CLK (gf180mcu_fd_sc_mcu9t5v0__dffq_2)
                          0.14    0.14   library hold time
                                  0.14   data required time
-----------------------------------------------------------------------------
                                  0.14   data required time
                                 -1.24   data arrival time
-----------------------------------------------------------------------------
                                  1.10   slack (MET)



==========================================================================
detailed place report_checks -path_delay max
--------------------------------------------------------------------------
Startpoint: regfile_rst_n$_SDFFE_PP0P_
            (rising edge-triggered flip-flop clocked by clk)
Endpoint: regfile_inst.out[0]$_DFFE_PN0P_
          (recovery check against rising-edge clock clk)
Path Group: asynchronous
Path Type: max

Fanout     Cap    Slew   Delay    Time   Description
-----------------------------------------------------------------------------
                  0.00    0.00    0.00   clock clk (rise edge)
                          0.00    0.00   clock network delay (ideal)
                  0.00    0.00    0.00 ^ regfile_rst_n$_SDFFE_PP0P_/CLK (gf180mcu_fd_sc_mcu9t5v0__dffq_2)
    12    0.20    1.90    1.93    1.93 ^ regfile_rst_n$_SDFFE_PP0P_/Q (gf180mcu_fd_sc_mcu9t5v0__dffq_2)
                                         regfile_inst.rst_n (net)
                  1.90    0.00    1.94 ^ regfile_inst.out[0]$_DFFE_PN0P_/RN (gf180mcu_fd_sc_mcu9t5v0__dffrnq_2)
                                  1.94   data arrival time

                  0.00   20.00   20.00   clock clk (rise edge)
                          0.00   20.00   clock network delay (ideal)
                          0.00   20.00   clock reconvergence pessimism
                                 20.00 ^ regfile_inst.out[0]$_DFFE_PN0P_/CLK (gf180mcu_fd_sc_mcu9t5v0__dffrnq_2)
                         -0.34   19.66   library recovery time
                                 19.66   data required time
-----------------------------------------------------------------------------
                                 19.66   data required time
                                 -1.94   data arrival time
-----------------------------------------------------------------------------
                                 17.72   slack (MET)


Startpoint: reg_rd_addr[5]$_DFFE_PP_
            (rising edge-triggered flip-flop clocked by clk)
Endpoint: regfile_inst.out[4]$_DFFE_PN0P_
          (rising edge-triggered flip-flop clocked by clk)
Path Group: clk
Path Type: max

Fanout     Cap    Slew   Delay    Time   Description
-----------------------------------------------------------------------------
                  0.00    0.00    0.00   clock clk (rise edge)
                          0.00    0.00   clock network delay (ideal)
                  0.00    0.00    0.00 ^ reg_rd_addr[5]$_DFFE_PP_/CLK (gf180mcu_fd_sc_mcu9t5v0__dffq_2)
     9    0.37    3.53    2.88    2.88 ^ reg_rd_addr[5]$_DFFE_PP_/Q (gf180mcu_fd_sc_mcu9t5v0__dffq_2)
                                         reg_rd_addr[5] (net)
                  3.53    0.00    2.88 ^ _21650_/A1 (gf180mcu_fd_sc_mcu9t5v0__nor2_4)
    16    0.34    1.72    1.48    4.36 v _21650_/ZN (gf180mcu_fd_sc_mcu9t5v0__nor2_4)
                                         _08697_ (net)
                  1.72    0.00    4.36 v place2262/I (gf180mcu_fd_sc_mcu9t5v0__buf_12)
    10    0.28    0.29    0.91    5.27 v place2262/Z (gf180mcu_fd_sc_mcu9t5v0__buf_12)
                                         net2262 (net)
                  0.29    0.00    5.27 v _22433_/A4 (gf180mcu_fd_sc_mcu9t5v0__and4_4)
    24    0.75    1.62    1.65    6.92 v _22433_/Z (gf180mcu_fd_sc_mcu9t5v0__and4_4)
                                         _09480_ (net)
                  1.62    0.00    6.92 v _23647_/A2 (gf180mcu_fd_sc_mcu9t5v0__and2_4)
     5    0.24    0.55    1.21    8.13 v _23647_/Z (gf180mcu_fd_sc_mcu9t5v0__and2_4)
                                         _10694_ (net)
                  0.55    0.00    8.13 v _24029_/A2 (gf180mcu_fd_sc_mcu9t5v0__or4_2)
     1    0.01    0.25    1.08    9.20 v _24029_/Z (gf180mcu_fd_sc_mcu9t5v0__or4_2)
                                         _11076_ (net)
                  0.25    0.00    9.20 v _24036_/A3 (gf180mcu_fd_sc_mcu9t5v0__or4_2)
     1    0.01    0.31    1.16   10.36 v _24036_/Z (gf180mcu_fd_sc_mcu9t5v0__or4_2)
                                         _11083_ (net)
                  0.31    0.00   10.36 v _24037_/A4 (gf180mcu_fd_sc_mcu9t5v0__or4_4)
     1    0.02    0.28    1.16   11.53 v _24037_/Z (gf180mcu_fd_sc_mcu9t5v0__or4_4)
                                         _11084_ (net)
                  0.28    0.00   11.53 v _24109_/A1 (gf180mcu_fd_sc_mcu9t5v0__or4_2)
     1    0.01    0.25    0.85   12.38 v _24109_/Z (gf180mcu_fd_sc_mcu9t5v0__or4_2)
                                         _11156_ (net)
                  0.25    0.00   12.38 v _24196_/A2 (gf180mcu_fd_sc_mcu9t5v0__or4_2)
     1    0.02    0.31    1.07   13.45 v _24196_/Z (gf180mcu_fd_sc_mcu9t5v0__or4_2)
                                         _11243_ (net)
                  0.31    0.00   13.45 v _24723_/A2 (gf180mcu_fd_sc_mcu9t5v0__or4_4)
     9    0.23    0.75    1.50   14.95 v _24723_/Z (gf180mcu_fd_sc_mcu9t5v0__or4_4)
                                         _11770_ (net)
                  0.75    0.00   14.95 v _28776_/A1 (gf180mcu_fd_sc_mcu9t5v0__and4_4)
     1    0.06    0.26    0.77   15.72 v _28776_/Z (gf180mcu_fd_sc_mcu9t5v0__and4_4)
                                         _15819_ (net)
                  0.26    0.00   15.72 v _28778_/B2 (gf180mcu_fd_sc_mcu9t5v0__aoi221_2)
     1    0.01    0.81    0.86   16.58 ^ _28778_/ZN (gf180mcu_fd_sc_mcu9t5v0__aoi221_2)
                                         _00174_ (net)
                  0.81    0.00   16.58 ^ regfile_inst.out[4]$_DFFE_PN0P_/D (gf180mcu_fd_sc_mcu9t5v0__dffrnq_2)
                                 16.58   data arrival time

                  0.00   20.00   20.00   clock clk (rise edge)
                          0.00   20.00   clock network delay (ideal)
                          0.00   20.00   clock reconvergence pessimism
                                 20.00 ^ regfile_inst.out[4]$_DFFE_PN0P_/CLK (gf180mcu_fd_sc_mcu9t5v0__dffrnq_2)
                         -0.62   19.38   library setup time
                                 19.38   data required time
-----------------------------------------------------------------------------
                                 19.38   data required time
                                -16.58   data arrival time
-----------------------------------------------------------------------------
                                  2.81   slack (MET)



==========================================================================
detailed place report_checks -unconstrained
--------------------------------------------------------------------------
Startpoint: regfile_rst_n$_SDFFE_PP0P_
            (rising edge-triggered flip-flop clocked by clk)
Endpoint: regfile_inst.out[0]$_DFFE_PN0P_
          (recovery check against rising-edge clock clk)
Path Group: asynchronous
Path Type: max

Fanout     Cap    Slew   Delay    Time   Description
-----------------------------------------------------------------------------
                  0.00    0.00    0.00   clock clk (rise edge)
                          0.00    0.00   clock network delay (ideal)
                  0.00    0.00    0.00 ^ regfile_rst_n$_SDFFE_PP0P_/CLK (gf180mcu_fd_sc_mcu9t5v0__dffq_2)
    12    0.20    1.90    1.93    1.93 ^ regfile_rst_n$_SDFFE_PP0P_/Q (gf180mcu_fd_sc_mcu9t5v0__dffq_2)
                                         regfile_inst.rst_n (net)
                  1.90    0.00    1.94 ^ regfile_inst.out[0]$_DFFE_PN0P_/RN (gf180mcu_fd_sc_mcu9t5v0__dffrnq_2)
                                  1.94   data arrival time

                  0.00   20.00   20.00   clock clk (rise edge)
                          0.00   20.00   clock network delay (ideal)
                          0.00   20.00   clock reconvergence pessimism
                                 20.00 ^ regfile_inst.out[0]$_DFFE_PN0P_/CLK (gf180mcu_fd_sc_mcu9t5v0__dffrnq_2)
                         -0.34   19.66   library recovery time
                                 19.66   data required time
-----------------------------------------------------------------------------
                                 19.66   data required time
                                 -1.94   data arrival time
-----------------------------------------------------------------------------
                                 17.72   slack (MET)


Startpoint: reg_rd_addr[5]$_DFFE_PP_
            (rising edge-triggered flip-flop clocked by clk)
Endpoint: regfile_inst.out[4]$_DFFE_PN0P_
          (rising edge-triggered flip-flop clocked by clk)
Path Group: clk
Path Type: max

Fanout     Cap    Slew   Delay    Time   Description
-----------------------------------------------------------------------------
                  0.00    0.00    0.00   clock clk (rise edge)
                          0.00    0.00   clock network delay (ideal)
                  0.00    0.00    0.00 ^ reg_rd_addr[5]$_DFFE_PP_/CLK (gf180mcu_fd_sc_mcu9t5v0__dffq_2)
     9    0.37    3.53    2.88    2.88 ^ reg_rd_addr[5]$_DFFE_PP_/Q (gf180mcu_fd_sc_mcu9t5v0__dffq_2)
                                         reg_rd_addr[5] (net)
                  3.53    0.00    2.88 ^ _21650_/A1 (gf180mcu_fd_sc_mcu9t5v0__nor2_4)
    16    0.34    1.72    1.48    4.36 v _21650_/ZN (gf180mcu_fd_sc_mcu9t5v0__nor2_4)
                                         _08697_ (net)
                  1.72    0.00    4.36 v place2262/I (gf180mcu_fd_sc_mcu9t5v0__buf_12)
    10    0.28    0.29    0.91    5.27 v place2262/Z (gf180mcu_fd_sc_mcu9t5v0__buf_12)
                                         net2262 (net)
                  0.29    0.00    5.27 v _22433_/A4 (gf180mcu_fd_sc_mcu9t5v0__and4_4)
    24    0.75    1.62    1.65    6.92 v _22433_/Z (gf180mcu_fd_sc_mcu9t5v0__and4_4)
                                         _09480_ (net)
                  1.62    0.00    6.92 v _23647_/A2 (gf180mcu_fd_sc_mcu9t5v0__and2_4)
     5    0.24    0.55    1.21    8.13 v _23647_/Z (gf180mcu_fd_sc_mcu9t5v0__and2_4)
                                         _10694_ (net)
                  0.55    0.00    8.13 v _24029_/A2 (gf180mcu_fd_sc_mcu9t5v0__or4_2)
     1    0.01    0.25    1.08    9.20 v _24029_/Z (gf180mcu_fd_sc_mcu9t5v0__or4_2)
                                         _11076_ (net)
                  0.25    0.00    9.20 v _24036_/A3 (gf180mcu_fd_sc_mcu9t5v0__or4_2)
     1    0.01    0.31    1.16   10.36 v _24036_/Z (gf180mcu_fd_sc_mcu9t5v0__or4_2)
                                         _11083_ (net)
                  0.31    0.00   10.36 v _24037_/A4 (gf180mcu_fd_sc_mcu9t5v0__or4_4)
     1    0.02    0.28    1.16   11.53 v _24037_/Z (gf180mcu_fd_sc_mcu9t5v0__or4_4)
                                         _11084_ (net)
                  0.28    0.00   11.53 v _24109_/A1 (gf180mcu_fd_sc_mcu9t5v0__or4_2)
     1    0.01    0.25    0.85   12.38 v _24109_/Z (gf180mcu_fd_sc_mcu9t5v0__or4_2)
                                         _11156_ (net)
                  0.25    0.00   12.38 v _24196_/A2 (gf180mcu_fd_sc_mcu9t5v0__or4_2)
     1    0.02    0.31    1.07   13.45 v _24196_/Z (gf180mcu_fd_sc_mcu9t5v0__or4_2)
                                         _11243_ (net)
                  0.31    0.00   13.45 v _24723_/A2 (gf180mcu_fd_sc_mcu9t5v0__or4_4)
     9    0.23    0.75    1.50   14.95 v _24723_/Z (gf180mcu_fd_sc_mcu9t5v0__or4_4)
                                         _11770_ (net)
                  0.75    0.00   14.95 v _28776_/A1 (gf180mcu_fd_sc_mcu9t5v0__and4_4)
     1    0.06    0.26    0.77   15.72 v _28776_/Z (gf180mcu_fd_sc_mcu9t5v0__and4_4)
                                         _15819_ (net)
                  0.26    0.00   15.72 v _28778_/B2 (gf180mcu_fd_sc_mcu9t5v0__aoi221_2)
     1    0.01    0.81    0.86   16.58 ^ _28778_/ZN (gf180mcu_fd_sc_mcu9t5v0__aoi221_2)
                                         _00174_ (net)
                  0.81    0.00   16.58 ^ regfile_inst.out[4]$_DFFE_PN0P_/D (gf180mcu_fd_sc_mcu9t5v0__dffrnq_2)
                                 16.58   data arrival time

                  0.00   20.00   20.00   clock clk (rise edge)
                          0.00   20.00   clock network delay (ideal)
                          0.00   20.00   clock reconvergence pessimism
                                 20.00 ^ regfile_inst.out[4]$_DFFE_PN0P_/CLK (gf180mcu_fd_sc_mcu9t5v0__dffrnq_2)
                         -0.62   19.38   library setup time
                                 19.38   data required time
-----------------------------------------------------------------------------
                                 19.38   data required time
                                -16.58   data arrival time
-----------------------------------------------------------------------------
                                  2.81   slack (MET)



==========================================================================
detailed place report_check_types -max_slew -max_cap -max_fanout -violators
--------------------------------------------------------------------------

==========================================================================
detailed place max_slew_check_slack
--------------------------------------------------------------------------
1.8460819721221924

==========================================================================
detailed place max_slew_check_limit
--------------------------------------------------------------------------
6.0

==========================================================================
detailed place max_slew_check_slack_limit
--------------------------------------------------------------------------
0.3077

==========================================================================
detailed place max_fanout_check_slack
--------------------------------------------------------------------------
1.0000000150474662e+30

==========================================================================
detailed place max_fanout_check_limit
--------------------------------------------------------------------------
1.0000000150474662e+30

==========================================================================
detailed place max_capacitance_check_slack
--------------------------------------------------------------------------
0.11953315138816833

==========================================================================
detailed place max_capacitance_check_limit
--------------------------------------------------------------------------
0.15449999272823334

==========================================================================
detailed place max_capacitance_check_slack_limit
--------------------------------------------------------------------------
0.7737

==========================================================================
detailed place max_slew_violation_count
--------------------------------------------------------------------------
max slew violation count 0

==========================================================================
detailed place max_fanout_violation_count
--------------------------------------------------------------------------
max fanout violation count 0

==========================================================================
detailed place max_cap_violation_count
--------------------------------------------------------------------------
max cap violation count 0

==========================================================================
detailed place setup_violation_count
--------------------------------------------------------------------------
setup violation count 0

==========================================================================
detailed place hold_violation_count
--------------------------------------------------------------------------
hold violation count 0

==========================================================================
detailed place report_checks -path_delay max reg to reg
--------------------------------------------------------------------------
Startpoint: regfile_rst_n$_SDFFE_PP0P_
            (rising edge-triggered flip-flop clocked by clk)
Endpoint: regfile_inst.out[0]$_DFFE_PN0P_
          (recovery check against rising-edge clock clk)
Path Group: asynchronous
Path Type: max

  Delay    Time   Description
---------------------------------------------------------
   0.00    0.00   clock clk (rise edge)
   0.00    0.00   clock network delay (ideal)
   0.00    0.00 ^ regfile_rst_n$_SDFFE_PP0P_/CLK (gf180mcu_fd_sc_mcu9t5v0__dffq_2)
   1.93    1.93 ^ regfile_rst_n$_SDFFE_PP0P_/Q (gf180mcu_fd_sc_mcu9t5v0__dffq_2)
   0.00    1.94 ^ regfile_inst.out[0]$_DFFE_PN0P_/RN (gf180mcu_fd_sc_mcu9t5v0__dffrnq_2)
           1.94   data arrival time

  20.00   20.00   clock clk (rise edge)
   0.00   20.00   clock network delay (ideal)
   0.00   20.00   clock reconvergence pessimism
          20.00 ^ regfile_inst.out[0]$_DFFE_PN0P_/CLK (gf180mcu_fd_sc_mcu9t5v0__dffrnq_2)
  -0.34   19.66   library recovery time
          19.66   data required time
---------------------------------------------------------
          19.66   data required time
          -1.94   data arrival time
---------------------------------------------------------
          17.72   slack (MET)


Startpoint: reg_rd_addr[5]$_DFFE_PP_
            (rising edge-triggered flip-flop clocked by clk)
Endpoint: regfile_inst.out[4]$_DFFE_PN0P_
          (rising edge-triggered flip-flop clocked by clk)
Path Group: clk
Path Type: max

  Delay    Time   Description
---------------------------------------------------------
   0.00    0.00   clock clk (rise edge)
   0.00    0.00   clock network delay (ideal)
   0.00    0.00 ^ reg_rd_addr[5]$_DFFE_PP_/CLK (gf180mcu_fd_sc_mcu9t5v0__dffq_2)
   2.88    2.88 ^ reg_rd_addr[5]$_DFFE_PP_/Q (gf180mcu_fd_sc_mcu9t5v0__dffq_2)
   1.48    4.36 v _21650_/ZN (gf180mcu_fd_sc_mcu9t5v0__nor2_4)
   0.91    5.27 v place2262/Z (gf180mcu_fd_sc_mcu9t5v0__buf_12)
   1.65    6.92 v _22433_/Z (gf180mcu_fd_sc_mcu9t5v0__and4_4)
   1.21    8.13 v _23647_/Z (gf180mcu_fd_sc_mcu9t5v0__and2_4)
   1.08    9.20 v _24029_/Z (gf180mcu_fd_sc_mcu9t5v0__or4_2)
   1.16   10.36 v _24036_/Z (gf180mcu_fd_sc_mcu9t5v0__or4_2)
   1.16   11.53 v _24037_/Z (gf180mcu_fd_sc_mcu9t5v0__or4_4)
   0.85   12.38 v _24109_/Z (gf180mcu_fd_sc_mcu9t5v0__or4_2)
   1.07   13.45 v _24196_/Z (gf180mcu_fd_sc_mcu9t5v0__or4_2)
   1.50   14.95 v _24723_/Z (gf180mcu_fd_sc_mcu9t5v0__or4_4)
   0.77   15.72 v _28776_/Z (gf180mcu_fd_sc_mcu9t5v0__and4_4)
   0.86   16.58 ^ _28778_/ZN (gf180mcu_fd_sc_mcu9t5v0__aoi221_2)
   0.00   16.58 ^ regfile_inst.out[4]$_DFFE_PN0P_/D (gf180mcu_fd_sc_mcu9t5v0__dffrnq_2)
          16.58   data arrival time

  20.00   20.00   clock clk (rise edge)
   0.00   20.00   clock network delay (ideal)
   0.00   20.00   clock reconvergence pessimism
          20.00 ^ regfile_inst.out[4]$_DFFE_PN0P_/CLK (gf180mcu_fd_sc_mcu9t5v0__dffrnq_2)
  -0.62   19.38   library setup time
          19.38   data required time
---------------------------------------------------------
          19.38   data required time
         -16.58   data arrival time
---------------------------------------------------------
           2.81   slack (MET)



==========================================================================
detailed place report_checks -path_delay min reg to reg
--------------------------------------------------------------------------
Startpoint: readout_buffer_rst_n$_SDFFE_PP0P_
            (rising edge-triggered flip-flop clocked by clk)
Endpoint: readout_buffer_inst.out_value[2]$_DFFE_PN0P_
          (removal check against rising-edge clock clk)
Path Group: asynchronous
Path Type: min

  Delay    Time   Description
---------------------------------------------------------
   0.00    0.00   clock clk (rise edge)
   0.00    0.00   clock network delay (ideal)
   0.00    0.00 ^ readout_buffer_rst_n$_SDFFE_PP0P_/CLK (gf180mcu_fd_sc_mcu9t5v0__dffq_2)
   1.46    1.46 ^ readout_buffer_rst_n$_SDFFE_PP0P_/Q (gf180mcu_fd_sc_mcu9t5v0__dffq_2)
   0.00    1.46 ^ readout_buffer_inst.out_value[2]$_DFFE_PN0P_/RN (gf180mcu_fd_sc_mcu9t5v0__dffrnq_2)
           1.46   data arrival time

   0.00    0.00   clock clk (rise edge)
   0.00    0.00   clock network delay (ideal)
   0.00    0.00   clock reconvergence pessimism
           0.00 ^ readout_buffer_inst.out_value[2]$_DFFE_PN0P_/CLK (gf180mcu_fd_sc_mcu9t5v0__dffrnq_2)
   0.74    0.74   library removal time
           0.74   data required time
---------------------------------------------------------
           0.74   data required time
          -1.46   data arrival time
---------------------------------------------------------
           0.71   slack (MET)


Startpoint: current_pixel_index[9]$_SDFFCE_PP0P_
            (rising edge-triggered flip-flop clocked by clk)
Endpoint: current_pixel_index[9]$_SDFFCE_PP0P_
          (rising edge-triggered flip-flop clocked by clk)
Path Group: clk
Path Type: min

  Delay    Time   Description
---------------------------------------------------------
   0.00    0.00   clock clk (rise edge)
   0.00    0.00   clock network delay (ideal)
   0.00    0.00 ^ current_pixel_index[9]$_SDFFCE_PP0P_/CLK (gf180mcu_fd_sc_mcu9t5v0__dffq_2)
   1.06    1.06 ^ current_pixel_index[9]$_SDFFCE_PP0P_/Q (gf180mcu_fd_sc_mcu9t5v0__dffq_2)
   0.18    1.24 v _21376_/ZN (gf180mcu_fd_sc_mcu9t5v0__oai31_2)
   0.00    1.24 v current_pixel_index[9]$_SDFFCE_PP0P_/D (gf180mcu_fd_sc_mcu9t5v0__dffq_2)
           1.24   data arrival time

   0.00    0.00   clock clk (rise edge)
   0.00    0.00   clock network delay (ideal)
   0.00    0.00   clock reconvergence pessimism
           0.00 ^ current_pixel_index[9]$_SDFFCE_PP0P_/CLK (gf180mcu_fd_sc_mcu9t5v0__dffq_2)
   0.14    0.14   library hold time
           0.14   data required time
---------------------------------------------------------
           0.14   data required time
          -1.24   data arrival time
---------------------------------------------------------
           1.10   slack (MET)



==========================================================================
detailed place critical path target clock latency max path
--------------------------------------------------------------------------
0.0000

==========================================================================
detailed place critical path target clock latency min path
--------------------------------------------------------------------------
0.0000

==========================================================================
detailed place critical path source clock latency min path
--------------------------------------------------------------------------
0.0000

==========================================================================
detailed place critical path delay
--------------------------------------------------------------------------
16.5768

==========================================================================
detailed place critical path slack
--------------------------------------------------------------------------
2.8059

==========================================================================
detailed place slack div critical path delay
--------------------------------------------------------------------------
16.926669

==========================================================================
detailed place report_power
--------------------------------------------------------------------------
Group                  Internal  Switching    Leakage      Total
                          Power      Power      Power      Power (Watts)
----------------------------------------------------------------
Sequential             4.10e-02   8.77e-05   7.65e-07   4.11e-02  92.9%
Combinational          4.31e-04   2.68e-03   6.41e-07   3.11e-03   7.1%
Clock                  0.00e+00   0.00e+00   3.14e-08   3.14e-08   0.0%
Macro                  0.00e+00   0.00e+00   0.00e+00   0.00e+00   0.0%
Pad                    0.00e+00   0.00e+00   0.00e+00   0.00e+00   0.0%
----------------------------------------------------------------
Total                  4.14e-02   2.77e-03   1.44e-06   4.42e-02 100.0%
                          93.7%       6.3%       0.0%
