
==========================================================================
global place report_tns
--------------------------------------------------------------------------
tns max 0.00

==========================================================================
global place report_wns
--------------------------------------------------------------------------
wns max 0.00

==========================================================================
global place report_worst_slack
--------------------------------------------------------------------------
worst slack max 11.71

==========================================================================
global place report_clock_min_period
--------------------------------------------------------------------------

==========================================================================
global place report_checks -path_delay min
--------------------------------------------------------------------------
Startpoint: readout_buffer_rst_n$_SDFFE_PP0P_
            (rising edge-triggered flip-flop clocked by clk)
Endpoint: readout_buffer_inst.out_value[1]$_DFFE_PN0P_
          (removal check against rising-edge clock clk)
Path Group: asynchronous
Path Type: min

Fanout     Cap    Slew   Delay    Time   Description
-----------------------------------------------------------------------------
                  0.00    0.00    0.00   clock clk (rise edge)
                          0.00    0.00   clock network delay (ideal)
                  0.00    0.00    0.00 ^ readout_buffer_rst_n$_SDFFE_PP0P_/CLK (gf180mcu_fd_sc_mcu9t5v0__dffq_2)
     9    0.11    0.43    0.55    0.55 ^ readout_buffer_rst_n$_SDFFE_PP0P_/Q (gf180mcu_fd_sc_mcu9t5v0__dffq_2)
                                         readout_buffer_inst.rst_n (net)
                  0.43    0.00    0.55 ^ readout_buffer_inst.out_value[1]$_DFFE_PN0P_/RN (gf180mcu_fd_sc_mcu9t5v0__dffrnq_2)
                                  0.55   data arrival time

                  0.00    0.00    0.00   clock clk (rise edge)
                          0.00    0.00   clock network delay (ideal)
                          0.00    0.00   clock reconvergence pessimism
                                  0.00 ^ readout_buffer_inst.out_value[1]$_DFFE_PN0P_/CLK (gf180mcu_fd_sc_mcu9t5v0__dffrnq_2)
                          0.27    0.27   library removal time
                                  0.27   data required time
-----------------------------------------------------------------------------
                                  0.27   data required time
                                 -0.55   data arrival time
-----------------------------------------------------------------------------
                                  0.28   slack (MET)


Startpoint: current_pixel_index[7]$_SDFFCE_PP0P_
            (rising edge-triggered flip-flop clocked by clk)
Endpoint: current_pixel_index[7]$_SDFFCE_PP0P_
          (rising edge-triggered flip-flop clocked by clk)
Path Group: clk
Path Type: min

Fanout     Cap    Slew   Delay    Time   Description
-----------------------------------------------------------------------------
                  0.00    0.00    0.00   clock clk (rise edge)
                          0.00    0.00   clock network delay (ideal)
                  0.00    0.00    0.00 ^ current_pixel_index[7]$_SDFFCE_PP0P_/CLK (gf180mcu_fd_sc_mcu9t5v0__dffq_2)
     3    0.04    0.17    0.40    0.40 ^ current_pixel_index[7]$_SDFFCE_PP0P_/Q (gf180mcu_fd_sc_mcu9t5v0__dffq_2)
                                         current_pixel_index[7] (net)
                  0.17    0.00    0.40 ^ _21373_/A1 (gf180mcu_fd_sc_mcu9t5v0__oai31_2)
     1    0.01    0.08    0.06    0.46 v _21373_/ZN (gf180mcu_fd_sc_mcu9t5v0__oai31_2)
                                         _00054_ (net)
                  0.08    0.00    0.46 v current_pixel_index[7]$_SDFFCE_PP0P_/D (gf180mcu_fd_sc_mcu9t5v0__dffq_2)
                                  0.46   data arrival time

                  0.00    0.00    0.00   clock clk (rise edge)
                          0.00    0.00   clock network delay (ideal)
                          0.00    0.00   clock reconvergence pessimism
                                  0.00 ^ current_pixel_index[7]$_SDFFCE_PP0P_/CLK (gf180mcu_fd_sc_mcu9t5v0__dffq_2)
                          0.07    0.07   library hold time
                                  0.07   data required time
-----------------------------------------------------------------------------
                                  0.07   data required time
                                 -0.46   data arrival time
-----------------------------------------------------------------------------
                                  0.39   slack (MET)



==========================================================================
global place report_checks -path_delay max
--------------------------------------------------------------------------
Startpoint: regfile_rst_n$_SDFFE_PP0P_
            (rising edge-triggered flip-flop clocked by clk)
Endpoint: regfile_inst.out[0]$_DFFE_PN0P_
          (recovery check against rising-edge clock clk)
Path Group: asynchronous
Path Type: max

Fanout     Cap    Slew   Delay    Time   Description
-----------------------------------------------------------------------------
                  0.00    0.00    0.00   clock clk (rise edge)
                          0.00    0.00   clock network delay (ideal)
                  0.00    0.00    0.00 ^ regfile_rst_n$_SDFFE_PP0P_/CLK (gf180mcu_fd_sc_mcu9t5v0__dffq_2)
    12    0.16    0.60    0.65    0.65 ^ regfile_rst_n$_SDFFE_PP0P_/Q (gf180mcu_fd_sc_mcu9t5v0__dffq_2)
                                         regfile_inst.rst_n (net)
                  0.60    0.00    0.65 ^ regfile_inst.out[0]$_DFFE_PN0P_/RN (gf180mcu_fd_sc_mcu9t5v0__dffrnq_2)
                                  0.65   data arrival time

                  0.00   20.00   20.00   clock clk (rise edge)
                          0.00   20.00   clock network delay (ideal)
                          0.00   20.00   clock reconvergence pessimism
                                 20.00 ^ regfile_inst.out[0]$_DFFE_PN0P_/CLK (gf180mcu_fd_sc_mcu9t5v0__dffrnq_2)
                         -0.06   19.94   library recovery time
                                 19.94   data required time
-----------------------------------------------------------------------------
                                 19.94   data required time
                                 -0.65   data arrival time
-----------------------------------------------------------------------------
                                 19.30   slack (MET)


Startpoint: reg_rd_addr[5]$_DFFE_PP_
            (rising edge-triggered flip-flop clocked by clk)
Endpoint: regfile_inst.out[2]$_DFFE_PN0P_
          (rising edge-triggered flip-flop clocked by clk)
Path Group: clk
Path Type: max

Fanout     Cap    Slew   Delay    Time   Description
-----------------------------------------------------------------------------
                  0.00    0.00    0.00   clock clk (rise edge)
                          0.00    0.00   clock network delay (ideal)
                  0.00    0.00    0.00 ^ reg_rd_addr[5]$_DFFE_PP_/CLK (gf180mcu_fd_sc_mcu9t5v0__dffq_2)
     5    0.09    0.36    0.51    0.51 ^ reg_rd_addr[5]$_DFFE_PP_/Q (gf180mcu_fd_sc_mcu9t5v0__dffq_2)
                                         reg_rd_addr[5] (net)
                  0.36    0.00    0.51 ^ place1463/I (gf180mcu_fd_sc_mcu9t5v0__buf_4)
    23    0.65    1.21    0.79    1.30 ^ place1463/Z (gf180mcu_fd_sc_mcu9t5v0__buf_4)
                                         net1463 (net)
                  1.21    0.00    1.30 ^ _21693_/A1 (gf180mcu_fd_sc_mcu9t5v0__and2_4)
    25    0.67    1.26    0.88    2.18 ^ _21693_/Z (gf180mcu_fd_sc_mcu9t5v0__and2_4)
                                         _08733_ (net)
                  1.26    0.00    2.18 ^ place1442/I (gf180mcu_fd_sc_mcu9t5v0__buf_8)
    47    1.22    1.14    0.75    2.94 ^ place1442/Z (gf180mcu_fd_sc_mcu9t5v0__buf_8)
                                         net1442 (net)
                  1.14    0.00    2.94 ^ _22049_/A4 (gf180mcu_fd_sc_mcu9t5v0__and4_4)
    23    0.90    1.69    1.15    4.09 ^ _22049_/Z (gf180mcu_fd_sc_mcu9t5v0__and4_4)
                                         _09089_ (net)
                  1.69    0.00    4.09 ^ place1331/I (gf180mcu_fd_sc_mcu9t5v0__buf_2)
    13    0.34    1.29    0.83    4.92 ^ place1331/Z (gf180mcu_fd_sc_mcu9t5v0__buf_2)
                                         net1331 (net)
                  1.29    0.00    4.92 ^ place1332/I (gf180mcu_fd_sc_mcu9t5v0__buf_4)
    31    0.76    1.42    0.90    5.82 ^ place1332/Z (gf180mcu_fd_sc_mcu9t5v0__buf_4)
                                         net1332 (net)
                  1.42    0.00    5.82 ^ _26472_/B1 (gf180mcu_fd_sc_mcu9t5v0__aoi22_2)
     1    0.01    0.46    0.15    5.97 v _26472_/ZN (gf180mcu_fd_sc_mcu9t5v0__aoi22_2)
                                         _13510_ (net)
                  0.46    0.00    5.97 v _26473_/B1 (gf180mcu_fd_sc_mcu9t5v0__oai22_2)
     1    0.02    0.45    0.34    6.31 ^ _26473_/ZN (gf180mcu_fd_sc_mcu9t5v0__oai22_2)
                                         _13511_ (net)
                  0.45    0.00    6.31 ^ _26477_/A3 (gf180mcu_fd_sc_mcu9t5v0__or4_2)
     1    0.01    0.09    0.26    6.57 ^ _26477_/Z (gf180mcu_fd_sc_mcu9t5v0__or4_2)
                                         _13515_ (net)
                  0.09    0.00    6.57 ^ _26478_/C (gf180mcu_fd_sc_mcu9t5v0__aoi221_2)
     1    0.04    0.57    0.19    6.77 v _26478_/ZN (gf180mcu_fd_sc_mcu9t5v0__aoi221_2)
                                         _13516_ (net)
                  0.57    0.00    6.77 v _26509_/A3 (gf180mcu_fd_sc_mcu9t5v0__and4_4)
     1    0.20    0.25    0.49    7.26 v _26509_/Z (gf180mcu_fd_sc_mcu9t5v0__and4_4)
                                         _13547_ (net)
                  0.25    0.00    7.26 v _26510_/A4 (gf180mcu_fd_sc_mcu9t5v0__and4_4)
     1    0.11    0.17    0.35    7.61 v _26510_/Z (gf180mcu_fd_sc_mcu9t5v0__and4_4)
                                         _13548_ (net)
                  0.17    0.00    7.61 v _26917_/A2 (gf180mcu_fd_sc_mcu9t5v0__and4_4)
     1    0.12    0.18    0.30    7.90 v _26917_/Z (gf180mcu_fd_sc_mcu9t5v0__and4_4)
                                         _13955_ (net)
                  0.18    0.00    7.90 v _26919_/B1 (gf180mcu_fd_sc_mcu9t5v0__aoi221_2)
     1    0.00    0.32    0.22    8.12 ^ _26919_/ZN (gf180mcu_fd_sc_mcu9t5v0__aoi221_2)
                                         _00172_ (net)
                  0.32    0.00    8.12 ^ regfile_inst.out[2]$_DFFE_PN0P_/D (gf180mcu_fd_sc_mcu9t5v0__dffrnq_2)
                                  8.12   data arrival time

                  0.00   20.00   20.00   clock clk (rise edge)
                          0.00   20.00   clock network delay (ideal)
                          0.00   20.00   clock reconvergence pessimism
                                 20.00 ^ regfile_inst.out[2]$_DFFE_PN0P_/CLK (gf180mcu_fd_sc_mcu9t5v0__dffrnq_2)
                         -0.17   19.83   library setup time
                                 19.83   data required time
-----------------------------------------------------------------------------
                                 19.83   data required time
                                 -8.12   data arrival time
-----------------------------------------------------------------------------
                                 11.71   slack (MET)



==========================================================================
global place report_checks -unconstrained
--------------------------------------------------------------------------
Startpoint: regfile_rst_n$_SDFFE_PP0P_
            (rising edge-triggered flip-flop clocked by clk)
Endpoint: regfile_inst.out[0]$_DFFE_PN0P_
          (recovery check against rising-edge clock clk)
Path Group: asynchronous
Path Type: max

Fanout     Cap    Slew   Delay    Time   Description
-----------------------------------------------------------------------------
                  0.00    0.00    0.00   clock clk (rise edge)
                          0.00    0.00   clock network delay (ideal)
                  0.00    0.00    0.00 ^ regfile_rst_n$_SDFFE_PP0P_/CLK (gf180mcu_fd_sc_mcu9t5v0__dffq_2)
    12    0.16    0.60    0.65    0.65 ^ regfile_rst_n$_SDFFE_PP0P_/Q (gf180mcu_fd_sc_mcu9t5v0__dffq_2)
                                         regfile_inst.rst_n (net)
                  0.60    0.00    0.65 ^ regfile_inst.out[0]$_DFFE_PN0P_/RN (gf180mcu_fd_sc_mcu9t5v0__dffrnq_2)
                                  0.65   data arrival time

                  0.00   20.00   20.00   clock clk (rise edge)
                          0.00   20.00   clock network delay (ideal)
                          0.00   20.00   clock reconvergence pessimism
                                 20.00 ^ regfile_inst.out[0]$_DFFE_PN0P_/CLK (gf180mcu_fd_sc_mcu9t5v0__dffrnq_2)
                         -0.06   19.94   library recovery time
                                 19.94   data required time
-----------------------------------------------------------------------------
                                 19.94   data required time
                                 -0.65   data arrival time
-----------------------------------------------------------------------------
                                 19.30   slack (MET)


Startpoint: reg_rd_addr[5]$_DFFE_PP_
            (rising edge-triggered flip-flop clocked by clk)
Endpoint: regfile_inst.out[2]$_DFFE_PN0P_
          (rising edge-triggered flip-flop clocked by clk)
Path Group: clk
Path Type: max

Fanout     Cap    Slew   Delay    Time   Description
-----------------------------------------------------------------------------
                  0.00    0.00    0.00   clock clk (rise edge)
                          0.00    0.00   clock network delay (ideal)
                  0.00    0.00    0.00 ^ reg_rd_addr[5]$_DFFE_PP_/CLK (gf180mcu_fd_sc_mcu9t5v0__dffq_2)
     5    0.09    0.36    0.51    0.51 ^ reg_rd_addr[5]$_DFFE_PP_/Q (gf180mcu_fd_sc_mcu9t5v0__dffq_2)
                                         reg_rd_addr[5] (net)
                  0.36    0.00    0.51 ^ place1463/I (gf180mcu_fd_sc_mcu9t5v0__buf_4)
    23    0.65    1.21    0.79    1.30 ^ place1463/Z (gf180mcu_fd_sc_mcu9t5v0__buf_4)
                                         net1463 (net)
                  1.21    0.00    1.30 ^ _21693_/A1 (gf180mcu_fd_sc_mcu9t5v0__and2_4)
    25    0.67    1.26    0.88    2.18 ^ _21693_/Z (gf180mcu_fd_sc_mcu9t5v0__and2_4)
                                         _08733_ (net)
                  1.26    0.00    2.18 ^ place1442/I (gf180mcu_fd_sc_mcu9t5v0__buf_8)
    47    1.22    1.14    0.75    2.94 ^ place1442/Z (gf180mcu_fd_sc_mcu9t5v0__buf_8)
                                         net1442 (net)
                  1.14    0.00    2.94 ^ _22049_/A4 (gf180mcu_fd_sc_mcu9t5v0__and4_4)
    23    0.90    1.69    1.15    4.09 ^ _22049_/Z (gf180mcu_fd_sc_mcu9t5v0__and4_4)
                                         _09089_ (net)
                  1.69    0.00    4.09 ^ place1331/I (gf180mcu_fd_sc_mcu9t5v0__buf_2)
    13    0.34    1.29    0.83    4.92 ^ place1331/Z (gf180mcu_fd_sc_mcu9t5v0__buf_2)
                                         net1331 (net)
                  1.29    0.00    4.92 ^ place1332/I (gf180mcu_fd_sc_mcu9t5v0__buf_4)
    31    0.76    1.42    0.90    5.82 ^ place1332/Z (gf180mcu_fd_sc_mcu9t5v0__buf_4)
                                         net1332 (net)
                  1.42    0.00    5.82 ^ _26472_/B1 (gf180mcu_fd_sc_mcu9t5v0__aoi22_2)
     1    0.01    0.46    0.15    5.97 v _26472_/ZN (gf180mcu_fd_sc_mcu9t5v0__aoi22_2)
                                         _13510_ (net)
                  0.46    0.00    5.97 v _26473_/B1 (gf180mcu_fd_sc_mcu9t5v0__oai22_2)
     1    0.02    0.45    0.34    6.31 ^ _26473_/ZN (gf180mcu_fd_sc_mcu9t5v0__oai22_2)
                                         _13511_ (net)
                  0.45    0.00    6.31 ^ _26477_/A3 (gf180mcu_fd_sc_mcu9t5v0__or4_2)
     1    0.01    0.09    0.26    6.57 ^ _26477_/Z (gf180mcu_fd_sc_mcu9t5v0__or4_2)
                                         _13515_ (net)
                  0.09    0.00    6.57 ^ _26478_/C (gf180mcu_fd_sc_mcu9t5v0__aoi221_2)
     1    0.04    0.57    0.19    6.77 v _26478_/ZN (gf180mcu_fd_sc_mcu9t5v0__aoi221_2)
                                         _13516_ (net)
                  0.57    0.00    6.77 v _26509_/A3 (gf180mcu_fd_sc_mcu9t5v0__and4_4)
     1    0.20    0.25    0.49    7.26 v _26509_/Z (gf180mcu_fd_sc_mcu9t5v0__and4_4)
                                         _13547_ (net)
                  0.25    0.00    7.26 v _26510_/A4 (gf180mcu_fd_sc_mcu9t5v0__and4_4)
     1    0.11    0.17    0.35    7.61 v _26510_/Z (gf180mcu_fd_sc_mcu9t5v0__and4_4)
                                         _13548_ (net)
                  0.17    0.00    7.61 v _26917_/A2 (gf180mcu_fd_sc_mcu9t5v0__and4_4)
     1    0.12    0.18    0.30    7.90 v _26917_/Z (gf180mcu_fd_sc_mcu9t5v0__and4_4)
                                         _13955_ (net)
                  0.18    0.00    7.90 v _26919_/B1 (gf180mcu_fd_sc_mcu9t5v0__aoi221_2)
     1    0.00    0.32    0.22    8.12 ^ _26919_/ZN (gf180mcu_fd_sc_mcu9t5v0__aoi221_2)
                                         _00172_ (net)
                  0.32    0.00    8.12 ^ regfile_inst.out[2]$_DFFE_PN0P_/D (gf180mcu_fd_sc_mcu9t5v0__dffrnq_2)
                                  8.12   data arrival time

                  0.00   20.00   20.00   clock clk (rise edge)
                          0.00   20.00   clock network delay (ideal)
                          0.00   20.00   clock reconvergence pessimism
                                 20.00 ^ regfile_inst.out[2]$_DFFE_PN0P_/CLK (gf180mcu_fd_sc_mcu9t5v0__dffrnq_2)
                         -0.17   19.83   library setup time
                                 19.83   data required time
-----------------------------------------------------------------------------
                                 19.83   data required time
                                 -8.12   data arrival time
-----------------------------------------------------------------------------
                                 11.71   slack (MET)



==========================================================================
global place report_power
--------------------------------------------------------------------------
Group                  Internal  Switching    Leakage      Total
                          Power      Power      Power      Power (Watts)
----------------------------------------------------------------
Sequential             3.43e-01   7.37e-04   4.98e-06   3.43e-01  92.9%
Combinational          4.91e-03   2.14e-02   4.78e-06   2.63e-02   7.1%
Clock                  0.00e+00   0.00e+00   2.43e-07   2.43e-07   0.0%
Macro                  0.00e+00   0.00e+00   0.00e+00   0.00e+00   0.0%
Pad                    0.00e+00   0.00e+00   0.00e+00   0.00e+00   0.0%
----------------------------------------------------------------
Total                  3.48e-01   2.21e-02   1.00e-05   3.70e-01 100.0%
                          94.0%       6.0%       0.0%
