
==========================================================================
cts final report_tns
--------------------------------------------------------------------------
tns max 0.00

==========================================================================
cts final report_wns
--------------------------------------------------------------------------
wns max 0.00

==========================================================================
cts final report_worst_slack
--------------------------------------------------------------------------
worst slack max 2.68

==========================================================================
cts final report_clock_min_period
--------------------------------------------------------------------------

==========================================================================
cts final report_clock_skew
--------------------------------------------------------------------------
Clock clk
   2.38 source latency reg_wr_addr[5]$_DFFE_PP_/CLK ^
  -2.19 target latency regfile_inst.registers[785][2]$_DFFE_PP_/CLK ^
   0.00 CRPR
--------------
   0.20 setup skew


==========================================================================
cts final report_checks -path_delay min
--------------------------------------------------------------------------
Startpoint: readout_buffer_rst_n$_SDFFE_PP0P_
            (rising edge-triggered flip-flop clocked by clk)
Endpoint: readout_buffer_inst.out_value[7]$_DFFE_PN0P_
          (removal check against rising-edge clock clk)
Path Group: asynchronous
Path Type: min

Fanout     Cap    Slew   Delay    Time   Description
-----------------------------------------------------------------------------
                          0.00    0.00   clock clk (rise edge)
                          0.00    0.00   clock source latency
     1    0.31    0.00    0.00    0.00 ^ clk (in)
                                         clk (net)
                  0.00    0.00    0.00 ^ clkbuf_0_clk/I (gf180mcu_fd_sc_mcu9t5v0__clkbuf_20)
     4    0.35    0.39    0.40    0.40 ^ clkbuf_0_clk/Z (gf180mcu_fd_sc_mcu9t5v0__clkbuf_20)
                                         clknet_0_clk (net)
                  0.39    0.00    0.40 ^ clkbuf_2_0_0_clk/I (gf180mcu_fd_sc_mcu9t5v0__clkbuf_20)
     8    0.63    0.65    0.66    1.06 ^ clkbuf_2_0_0_clk/Z (gf180mcu_fd_sc_mcu9t5v0__clkbuf_20)
                                         clknet_2_0_0_clk (net)
                  0.65    0.00    1.06 ^ clkbuf_5_5_0_clk/I (gf180mcu_fd_sc_mcu9t5v0__clkbuf_20)
    12    0.74    0.76    0.78    1.84 ^ clkbuf_5_5_0_clk/Z (gf180mcu_fd_sc_mcu9t5v0__clkbuf_20)
                                         clknet_5_5_0_clk (net)
                  0.76    0.00    1.84 ^ clkbuf_leaf_295_clk/I (gf180mcu_fd_sc_mcu9t5v0__clkbuf_20)
    28    0.21    0.27    0.50    2.34 ^ clkbuf_leaf_295_clk/Z (gf180mcu_fd_sc_mcu9t5v0__clkbuf_20)
                                         clknet_leaf_295_clk (net)
                  0.27    0.00    2.34 ^ readout_buffer_rst_n$_SDFFE_PP0P_/CLK (gf180mcu_fd_sc_mcu9t5v0__dffq_2)
     9    0.11    1.08    1.53    3.88 ^ readout_buffer_rst_n$_SDFFE_PP0P_/Q (gf180mcu_fd_sc_mcu9t5v0__dffq_2)
                                         readout_buffer_inst.rst_n (net)
                  1.08    0.00    3.88 ^ readout_buffer_inst.out_value[7]$_DFFE_PN0P_/RN (gf180mcu_fd_sc_mcu9t5v0__dffrnq_2)
                                  3.88   data arrival time

                          0.00    0.00   clock clk (rise edge)
                          0.00    0.00   clock source latency
     1    0.31    0.00    0.00    0.00 ^ clk (in)
                                         clk (net)
                  0.00    0.00    0.00 ^ clkbuf_0_clk/I (gf180mcu_fd_sc_mcu9t5v0__clkbuf_20)
     4    0.35    0.39    0.40    0.40 ^ clkbuf_0_clk/Z (gf180mcu_fd_sc_mcu9t5v0__clkbuf_20)
                                         clknet_0_clk (net)
                  0.39    0.00    0.40 ^ clkbuf_2_2_0_clk/I (gf180mcu_fd_sc_mcu9t5v0__clkbuf_20)
     8    0.62    0.65    0.66    1.06 ^ clkbuf_2_2_0_clk/Z (gf180mcu_fd_sc_mcu9t5v0__clkbuf_20)
                                         clknet_2_2_0_clk (net)
                  0.65    0.00    1.06 ^ clkbuf_5_16_0_clk/I (gf180mcu_fd_sc_mcu9t5v0__clkbuf_20)
    13    0.81    0.82    0.81    1.88 ^ clkbuf_5_16_0_clk/Z (gf180mcu_fd_sc_mcu9t5v0__clkbuf_20)
                                         clknet_5_16_0_clk (net)
                  0.82    0.00    1.88 ^ clkbuf_leaf_256_clk/I (gf180mcu_fd_sc_mcu9t5v0__clkbuf_20)
    31    0.20    0.26    0.50    2.38 ^ clkbuf_leaf_256_clk/Z (gf180mcu_fd_sc_mcu9t5v0__clkbuf_20)
                                         clknet_leaf_256_clk (net)
                  0.26    0.00    2.38 ^ readout_buffer_inst.out_value[7]$_DFFE_PN0P_/CLK (gf180mcu_fd_sc_mcu9t5v0__dffrnq_2)
                          0.00    2.38   clock reconvergence pessimism
                          0.82    3.20   library removal time
                                  3.20   data required time
-----------------------------------------------------------------------------
                                  3.20   data required time
                                 -3.88   data arrival time
-----------------------------------------------------------------------------
                                  0.68   slack (MET)


Startpoint: current_pixel_index[9]$_SDFFCE_PP0P_
            (rising edge-triggered flip-flop clocked by clk)
Endpoint: current_pixel_index[9]$_SDFFCE_PP0P_
          (rising edge-triggered flip-flop clocked by clk)
Path Group: clk
Path Type: min

Fanout     Cap    Slew   Delay    Time   Description
-----------------------------------------------------------------------------
                          0.00    0.00   clock clk (rise edge)
                          0.00    0.00   clock source latency
     1    0.31    0.00    0.00    0.00 ^ clk (in)
                                         clk (net)
                  0.00    0.00    0.00 ^ clkbuf_0_clk/I (gf180mcu_fd_sc_mcu9t5v0__clkbuf_20)
     4    0.35    0.39    0.40    0.40 ^ clkbuf_0_clk/Z (gf180mcu_fd_sc_mcu9t5v0__clkbuf_20)
                                         clknet_0_clk (net)
                  0.39    0.00    0.40 ^ clkbuf_2_0_0_clk/I (gf180mcu_fd_sc_mcu9t5v0__clkbuf_20)
     8    0.63    0.65    0.66    1.06 ^ clkbuf_2_0_0_clk/Z (gf180mcu_fd_sc_mcu9t5v0__clkbuf_20)
                                         clknet_2_0_0_clk (net)
                  0.65    0.00    1.06 ^ clkbuf_5_4_0_clk/I (gf180mcu_fd_sc_mcu9t5v0__clkbuf_20)
    12    0.73    0.75    0.77    1.84 ^ clkbuf_5_4_0_clk/Z (gf180mcu_fd_sc_mcu9t5v0__clkbuf_20)
                                         clknet_5_4_0_clk (net)
                  0.75    0.00    1.84 ^ clkbuf_leaf_300_clk/I (gf180mcu_fd_sc_mcu9t5v0__clkbuf_20)
    27    0.21    0.26    0.50    2.33 ^ clkbuf_leaf_300_clk/Z (gf180mcu_fd_sc_mcu9t5v0__clkbuf_20)
                                         clknet_leaf_300_clk (net)
                  0.26    0.00    2.33 ^ current_pixel_index[9]$_SDFFCE_PP0P_/CLK (gf180mcu_fd_sc_mcu9t5v0__dffq_2)
     3    0.04    0.41    1.14    3.47 ^ current_pixel_index[9]$_SDFFCE_PP0P_/Q (gf180mcu_fd_sc_mcu9t5v0__dffq_2)
                                         current_pixel_index[9] (net)
                  0.41    0.00    3.47 ^ _21376_/A1 (gf180mcu_fd_sc_mcu9t5v0__oai31_2)
     1    0.00    0.15    0.18    3.65 v _21376_/ZN (gf180mcu_fd_sc_mcu9t5v0__oai31_2)
                                         _00056_ (net)
                  0.15    0.00    3.65 v current_pixel_index[9]$_SDFFCE_PP0P_/D (gf180mcu_fd_sc_mcu9t5v0__dffq_2)
                                  3.65   data arrival time

                          0.00    0.00   clock clk (rise edge)
                          0.00    0.00   clock source latency
     1    0.31    0.00    0.00    0.00 ^ clk (in)
                                         clk (net)
                  0.00    0.00    0.00 ^ clkbuf_0_clk/I (gf180mcu_fd_sc_mcu9t5v0__clkbuf_20)
     4    0.35    0.39    0.40    0.40 ^ clkbuf_0_clk/Z (gf180mcu_fd_sc_mcu9t5v0__clkbuf_20)
                                         clknet_0_clk (net)
                  0.39    0.00    0.40 ^ clkbuf_2_0_0_clk/I (gf180mcu_fd_sc_mcu9t5v0__clkbuf_20)
     8    0.63    0.65    0.66    1.06 ^ clkbuf_2_0_0_clk/Z (gf180mcu_fd_sc_mcu9t5v0__clkbuf_20)
                                         clknet_2_0_0_clk (net)
                  0.65    0.00    1.06 ^ clkbuf_5_4_0_clk/I (gf180mcu_fd_sc_mcu9t5v0__clkbuf_20)
    12    0.73    0.75    0.77    1.84 ^ clkbuf_5_4_0_clk/Z (gf180mcu_fd_sc_mcu9t5v0__clkbuf_20)
                                         clknet_5_4_0_clk (net)
                  0.75    0.00    1.84 ^ clkbuf_leaf_300_clk/I (gf180mcu_fd_sc_mcu9t5v0__clkbuf_20)
    27    0.21    0.26    0.50    2.33 ^ clkbuf_leaf_300_clk/Z (gf180mcu_fd_sc_mcu9t5v0__clkbuf_20)
                                         clknet_leaf_300_clk (net)
                  0.26    0.00    2.33 ^ current_pixel_index[9]$_SDFFCE_PP0P_/CLK (gf180mcu_fd_sc_mcu9t5v0__dffq_2)
                          0.00    2.33   clock reconvergence pessimism
                          0.21    2.54   library hold time
                                  2.54   data required time
-----------------------------------------------------------------------------
                                  2.54   data required time
                                 -3.65   data arrival time
-----------------------------------------------------------------------------
                                  1.11   slack (MET)



==========================================================================
cts final report_checks -path_delay max
--------------------------------------------------------------------------
Startpoint: regfile_rst_n$_SDFFE_PP0P_
            (rising edge-triggered flip-flop clocked by clk)
Endpoint: regfile_inst.out[1]$_DFFE_PN0P_
          (recovery check against rising-edge clock clk)
Path Group: asynchronous
Path Type: max

Fanout     Cap    Slew   Delay    Time   Description
-----------------------------------------------------------------------------
                          0.00    0.00   clock clk (rise edge)
                          0.00    0.00   clock source latency
     1    0.31    0.00    0.00    0.00 ^ clk (in)
                                         clk (net)
                  0.00    0.00    0.00 ^ clkbuf_0_clk/I (gf180mcu_fd_sc_mcu9t5v0__clkbuf_20)
     4    0.35    0.39    0.40    0.40 ^ clkbuf_0_clk/Z (gf180mcu_fd_sc_mcu9t5v0__clkbuf_20)
                                         clknet_0_clk (net)
                  0.39    0.00    0.40 ^ clkbuf_2_0_0_clk/I (gf180mcu_fd_sc_mcu9t5v0__clkbuf_20)
     8    0.63    0.65    0.66    1.06 ^ clkbuf_2_0_0_clk/Z (gf180mcu_fd_sc_mcu9t5v0__clkbuf_20)
                                         clknet_2_0_0_clk (net)
                  0.65    0.00    1.06 ^ clkbuf_5_5_0_clk/I (gf180mcu_fd_sc_mcu9t5v0__clkbuf_20)
    12    0.74    0.76    0.78    1.84 ^ clkbuf_5_5_0_clk/Z (gf180mcu_fd_sc_mcu9t5v0__clkbuf_20)
                                         clknet_5_5_0_clk (net)
                  0.76    0.00    1.84 ^ clkbuf_leaf_295_clk/I (gf180mcu_fd_sc_mcu9t5v0__clkbuf_20)
    28    0.21    0.27    0.50    2.34 ^ clkbuf_leaf_295_clk/Z (gf180mcu_fd_sc_mcu9t5v0__clkbuf_20)
                                         clknet_leaf_295_clk (net)
                  0.27    0.00    2.34 ^ regfile_rst_n$_SDFFE_PP0P_/CLK (gf180mcu_fd_sc_mcu9t5v0__dffq_2)
    12    0.20    1.90    2.01    4.35 ^ regfile_rst_n$_SDFFE_PP0P_/Q (gf180mcu_fd_sc_mcu9t5v0__dffq_2)
                                         regfile_inst.rst_n (net)
                  1.90    0.00    4.35 ^ regfile_inst.out[1]$_DFFE_PN0P_/RN (gf180mcu_fd_sc_mcu9t5v0__dffrnq_2)
                                  4.35   data arrival time

                         20.00   20.00   clock clk (rise edge)
                          0.00   20.00   clock source latency
     1    0.31    0.00    0.00   20.00 ^ clk (in)
                                         clk (net)
                  0.00    0.00   20.00 ^ clkbuf_0_clk/I (gf180mcu_fd_sc_mcu9t5v0__clkbuf_20)
     4    0.35    0.39    0.40   20.40 ^ clkbuf_0_clk/Z (gf180mcu_fd_sc_mcu9t5v0__clkbuf_20)
                                         clknet_0_clk (net)
                  0.39    0.00   20.40 ^ clkbuf_2_2_0_clk/I (gf180mcu_fd_sc_mcu9t5v0__clkbuf_20)
     8    0.62    0.65    0.66   21.06 ^ clkbuf_2_2_0_clk/Z (gf180mcu_fd_sc_mcu9t5v0__clkbuf_20)
                                         clknet_2_2_0_clk (net)
                  0.65    0.00   21.06 ^ clkbuf_5_18_0_clk/I (gf180mcu_fd_sc_mcu9t5v0__clkbuf_20)
     9    0.65    0.67    0.73   21.79 ^ clkbuf_5_18_0_clk/Z (gf180mcu_fd_sc_mcu9t5v0__clkbuf_20)
                                         clknet_5_18_0_clk (net)
                  0.67    0.00   21.79 ^ clkbuf_leaf_271_clk/I (gf180mcu_fd_sc_mcu9t5v0__clkbuf_20)
    26    0.19    0.25    0.47   22.26 ^ clkbuf_leaf_271_clk/Z (gf180mcu_fd_sc_mcu9t5v0__clkbuf_20)
                                         clknet_leaf_271_clk (net)
                  0.25    0.00   22.26 ^ regfile_inst.out[1]$_DFFE_PN0P_/CLK (gf180mcu_fd_sc_mcu9t5v0__dffrnq_2)
                          0.00   22.26   clock reconvergence pessimism
                         -0.26   22.00   library recovery time
                                 22.00   data required time
-----------------------------------------------------------------------------
                                 22.00   data required time
                                 -4.35   data arrival time
-----------------------------------------------------------------------------
                                 17.65   slack (MET)


Startpoint: reg_rd_addr[5]$_DFFE_PP_
            (rising edge-triggered flip-flop clocked by clk)
Endpoint: regfile_inst.out[4]$_DFFE_PN0P_
          (rising edge-triggered flip-flop clocked by clk)
Path Group: clk
Path Type: max

Fanout     Cap    Slew   Delay    Time   Description
-----------------------------------------------------------------------------
                          0.00    0.00   clock clk (rise edge)
                          0.00    0.00   clock source latency
     1    0.31    0.00    0.00    0.00 ^ clk (in)
                                         clk (net)
                  0.00    0.00    0.00 ^ clkbuf_0_clk/I (gf180mcu_fd_sc_mcu9t5v0__clkbuf_20)
     4    0.35    0.39    0.40    0.40 ^ clkbuf_0_clk/Z (gf180mcu_fd_sc_mcu9t5v0__clkbuf_20)
                                         clknet_0_clk (net)
                  0.39    0.00    0.40 ^ clkbuf_2_2_0_clk/I (gf180mcu_fd_sc_mcu9t5v0__clkbuf_20)
     8    0.62    0.65    0.66    1.06 ^ clkbuf_2_2_0_clk/Z (gf180mcu_fd_sc_mcu9t5v0__clkbuf_20)
                                         clknet_2_2_0_clk (net)
                  0.65    0.00    1.06 ^ clkbuf_5_16_0_clk/I (gf180mcu_fd_sc_mcu9t5v0__clkbuf_20)
    13    0.81    0.82    0.81    1.88 ^ clkbuf_5_16_0_clk/Z (gf180mcu_fd_sc_mcu9t5v0__clkbuf_20)
                                         clknet_5_16_0_clk (net)
                  0.82    0.00    1.88 ^ clkbuf_leaf_257_clk/I (gf180mcu_fd_sc_mcu9t5v0__clkbuf_20)
    29    0.20    0.26    0.51    2.38 ^ clkbuf_leaf_257_clk/Z (gf180mcu_fd_sc_mcu9t5v0__clkbuf_20)
                                         clknet_leaf_257_clk (net)
                  0.26    0.00    2.38 ^ reg_rd_addr[5]$_DFFE_PP_/CLK (gf180mcu_fd_sc_mcu9t5v0__dffq_2)
     9    0.37    3.54    2.96    5.34 ^ reg_rd_addr[5]$_DFFE_PP_/Q (gf180mcu_fd_sc_mcu9t5v0__dffq_2)
                                         reg_rd_addr[5] (net)
                  3.54    0.00    5.34 ^ _21650_/A1 (gf180mcu_fd_sc_mcu9t5v0__nor2_4)
    16    0.34    1.72    1.48    6.82 v _21650_/ZN (gf180mcu_fd_sc_mcu9t5v0__nor2_4)
                                         _08697_ (net)
                  1.72    0.00    6.82 v place2262/I (gf180mcu_fd_sc_mcu9t5v0__buf_12)
    10    0.27    0.29    0.91    7.73 v place2262/Z (gf180mcu_fd_sc_mcu9t5v0__buf_12)
                                         net2262 (net)
                  0.29    0.00    7.73 v _22433_/A4 (gf180mcu_fd_sc_mcu9t5v0__and4_4)
    24    0.76    1.63    1.65    9.39 v _22433_/Z (gf180mcu_fd_sc_mcu9t5v0__and4_4)
                                         _09480_ (net)
                  1.63    0.00    9.39 v _23647_/A2 (gf180mcu_fd_sc_mcu9t5v0__and2_4)
     5    0.24    0.55    1.21   10.60 v _23647_/Z (gf180mcu_fd_sc_mcu9t5v0__and2_4)
                                         _10694_ (net)
                  0.55    0.00   10.60 v _24029_/A2 (gf180mcu_fd_sc_mcu9t5v0__or4_2)
     1    0.01    0.26    1.08   11.68 v _24029_/Z (gf180mcu_fd_sc_mcu9t5v0__or4_2)
                                         _11076_ (net)
                  0.26    0.00   11.68 v _24036_/A3 (gf180mcu_fd_sc_mcu9t5v0__or4_2)
     1    0.01    0.31    1.16   12.84 v _24036_/Z (gf180mcu_fd_sc_mcu9t5v0__or4_2)
                                         _11083_ (net)
                  0.31    0.00   12.84 v _24037_/A4 (gf180mcu_fd_sc_mcu9t5v0__or4_4)
     1    0.02    0.28    1.16   14.00 v _24037_/Z (gf180mcu_fd_sc_mcu9t5v0__or4_4)
                                         _11084_ (net)
                  0.28    0.00   14.00 v _24109_/A1 (gf180mcu_fd_sc_mcu9t5v0__or4_2)
     1    0.01    0.25    0.85   14.85 v _24109_/Z (gf180mcu_fd_sc_mcu9t5v0__or4_2)
                                         _11156_ (net)
                  0.25    0.00   14.85 v _24196_/A2 (gf180mcu_fd_sc_mcu9t5v0__or4_2)
     1    0.02    0.31    1.07   15.92 v _24196_/Z (gf180mcu_fd_sc_mcu9t5v0__or4_2)
                                         _11243_ (net)
                  0.31    0.00   15.92 v _24723_/A2 (gf180mcu_fd_sc_mcu9t5v0__or4_4)
     9    0.23    0.75    1.50   17.42 v _24723_/Z (gf180mcu_fd_sc_mcu9t5v0__or4_4)
                                         _11770_ (net)
                  0.75    0.00   17.42 v _28776_/A1 (gf180mcu_fd_sc_mcu9t5v0__and4_4)
     1    0.06    0.26    0.77   18.20 v _28776_/Z (gf180mcu_fd_sc_mcu9t5v0__and4_4)
                                         _15819_ (net)
                  0.26    0.00   18.20 v _28778_/B2 (gf180mcu_fd_sc_mcu9t5v0__aoi221_2)
     1    0.01    0.81    0.86   19.05 ^ _28778_/ZN (gf180mcu_fd_sc_mcu9t5v0__aoi221_2)
                                         _00174_ (net)
                  0.81    0.00   19.05 ^ regfile_inst.out[4]$_DFFE_PN0P_/D (gf180mcu_fd_sc_mcu9t5v0__dffrnq_2)
                                 19.05   data arrival time

                         20.00   20.00   clock clk (rise edge)
                          0.00   20.00   clock source latency
     1    0.31    0.00    0.00   20.00 ^ clk (in)
                                         clk (net)
                  0.00    0.00   20.00 ^ clkbuf_0_clk/I (gf180mcu_fd_sc_mcu9t5v0__clkbuf_20)
     4    0.35    0.39    0.40   20.40 ^ clkbuf_0_clk/Z (gf180mcu_fd_sc_mcu9t5v0__clkbuf_20)
                                         clknet_0_clk (net)
                  0.39    0.00   20.40 ^ clkbuf_2_2_0_clk/I (gf180mcu_fd_sc_mcu9t5v0__clkbuf_20)
     8    0.62    0.65    0.66   21.06 ^ clkbuf_2_2_0_clk/Z (gf180mcu_fd_sc_mcu9t5v0__clkbuf_20)
                                         clknet_2_2_0_clk (net)
                  0.65    0.00   21.06 ^ clkbuf_5_18_0_clk/I (gf180mcu_fd_sc_mcu9t5v0__clkbuf_20)
     9    0.65    0.67    0.73   21.79 ^ clkbuf_5_18_0_clk/Z (gf180mcu_fd_sc_mcu9t5v0__clkbuf_20)
                                         clknet_5_18_0_clk (net)
                  0.67    0.00   21.79 ^ clkbuf_leaf_270_clk/I (gf180mcu_fd_sc_mcu9t5v0__clkbuf_20)
    26    0.20    0.26    0.48   22.27 ^ clkbuf_leaf_270_clk/Z (gf180mcu_fd_sc_mcu9t5v0__clkbuf_20)
                                         clknet_leaf_270_clk (net)
                  0.26    0.00   22.27 ^ regfile_inst.out[4]$_DFFE_PN0P_/CLK (gf180mcu_fd_sc_mcu9t5v0__dffrnq_2)
                          0.00   22.27   clock reconvergence pessimism
                         -0.54   21.73   library setup time
                                 21.73   data required time
-----------------------------------------------------------------------------
                                 21.73   data required time
                                -19.05   data arrival time
-----------------------------------------------------------------------------
                                  2.68   slack (MET)



==========================================================================
cts final report_checks -unconstrained
--------------------------------------------------------------------------
Startpoint: regfile_rst_n$_SDFFE_PP0P_
            (rising edge-triggered flip-flop clocked by clk)
Endpoint: regfile_inst.out[1]$_DFFE_PN0P_
          (recovery check against rising-edge clock clk)
Path Group: asynchronous
Path Type: max

Fanout     Cap    Slew   Delay    Time   Description
-----------------------------------------------------------------------------
                          0.00    0.00   clock clk (rise edge)
                          0.00    0.00   clock source latency
     1    0.31    0.00    0.00    0.00 ^ clk (in)
                                         clk (net)
                  0.00    0.00    0.00 ^ clkbuf_0_clk/I (gf180mcu_fd_sc_mcu9t5v0__clkbuf_20)
     4    0.35    0.39    0.40    0.40 ^ clkbuf_0_clk/Z (gf180mcu_fd_sc_mcu9t5v0__clkbuf_20)
                                         clknet_0_clk (net)
                  0.39    0.00    0.40 ^ clkbuf_2_0_0_clk/I (gf180mcu_fd_sc_mcu9t5v0__clkbuf_20)
     8    0.63    0.65    0.66    1.06 ^ clkbuf_2_0_0_clk/Z (gf180mcu_fd_sc_mcu9t5v0__clkbuf_20)
                                         clknet_2_0_0_clk (net)
                  0.65    0.00    1.06 ^ clkbuf_5_5_0_clk/I (gf180mcu_fd_sc_mcu9t5v0__clkbuf_20)
    12    0.74    0.76    0.78    1.84 ^ clkbuf_5_5_0_clk/Z (gf180mcu_fd_sc_mcu9t5v0__clkbuf_20)
                                         clknet_5_5_0_clk (net)
                  0.76    0.00    1.84 ^ clkbuf_leaf_295_clk/I (gf180mcu_fd_sc_mcu9t5v0__clkbuf_20)
    28    0.21    0.27    0.50    2.34 ^ clkbuf_leaf_295_clk/Z (gf180mcu_fd_sc_mcu9t5v0__clkbuf_20)
                                         clknet_leaf_295_clk (net)
                  0.27    0.00    2.34 ^ regfile_rst_n$_SDFFE_PP0P_/CLK (gf180mcu_fd_sc_mcu9t5v0__dffq_2)
    12    0.20    1.90    2.01    4.35 ^ regfile_rst_n$_SDFFE_PP0P_/Q (gf180mcu_fd_sc_mcu9t5v0__dffq_2)
                                         regfile_inst.rst_n (net)
                  1.90    0.00    4.35 ^ regfile_inst.out[1]$_DFFE_PN0P_/RN (gf180mcu_fd_sc_mcu9t5v0__dffrnq_2)
                                  4.35   data arrival time

                         20.00   20.00   clock clk (rise edge)
                          0.00   20.00   clock source latency
     1    0.31    0.00    0.00   20.00 ^ clk (in)
                                         clk (net)
                  0.00    0.00   20.00 ^ clkbuf_0_clk/I (gf180mcu_fd_sc_mcu9t5v0__clkbuf_20)
     4    0.35    0.39    0.40   20.40 ^ clkbuf_0_clk/Z (gf180mcu_fd_sc_mcu9t5v0__clkbuf_20)
                                         clknet_0_clk (net)
                  0.39    0.00   20.40 ^ clkbuf_2_2_0_clk/I (gf180mcu_fd_sc_mcu9t5v0__clkbuf_20)
     8    0.62    0.65    0.66   21.06 ^ clkbuf_2_2_0_clk/Z (gf180mcu_fd_sc_mcu9t5v0__clkbuf_20)
                                         clknet_2_2_0_clk (net)
                  0.65    0.00   21.06 ^ clkbuf_5_18_0_clk/I (gf180mcu_fd_sc_mcu9t5v0__clkbuf_20)
     9    0.65    0.67    0.73   21.79 ^ clkbuf_5_18_0_clk/Z (gf180mcu_fd_sc_mcu9t5v0__clkbuf_20)
                                         clknet_5_18_0_clk (net)
                  0.67    0.00   21.79 ^ clkbuf_leaf_271_clk/I (gf180mcu_fd_sc_mcu9t5v0__clkbuf_20)
    26    0.19    0.25    0.47   22.26 ^ clkbuf_leaf_271_clk/Z (gf180mcu_fd_sc_mcu9t5v0__clkbuf_20)
                                         clknet_leaf_271_clk (net)
                  0.25    0.00   22.26 ^ regfile_inst.out[1]$_DFFE_PN0P_/CLK (gf180mcu_fd_sc_mcu9t5v0__dffrnq_2)
                          0.00   22.26   clock reconvergence pessimism
                         -0.26   22.00   library recovery time
                                 22.00   data required time
-----------------------------------------------------------------------------
                                 22.00   data required time
                                 -4.35   data arrival time
-----------------------------------------------------------------------------
                                 17.65   slack (MET)


Startpoint: reg_rd_addr[5]$_DFFE_PP_
            (rising edge-triggered flip-flop clocked by clk)
Endpoint: regfile_inst.out[4]$_DFFE_PN0P_
          (rising edge-triggered flip-flop clocked by clk)
Path Group: clk
Path Type: max

Fanout     Cap    Slew   Delay    Time   Description
-----------------------------------------------------------------------------
                          0.00    0.00   clock clk (rise edge)
                          0.00    0.00   clock source latency
     1    0.31    0.00    0.00    0.00 ^ clk (in)
                                         clk (net)
                  0.00    0.00    0.00 ^ clkbuf_0_clk/I (gf180mcu_fd_sc_mcu9t5v0__clkbuf_20)
     4    0.35    0.39    0.40    0.40 ^ clkbuf_0_clk/Z (gf180mcu_fd_sc_mcu9t5v0__clkbuf_20)
                                         clknet_0_clk (net)
                  0.39    0.00    0.40 ^ clkbuf_2_2_0_clk/I (gf180mcu_fd_sc_mcu9t5v0__clkbuf_20)
     8    0.62    0.65    0.66    1.06 ^ clkbuf_2_2_0_clk/Z (gf180mcu_fd_sc_mcu9t5v0__clkbuf_20)
                                         clknet_2_2_0_clk (net)
                  0.65    0.00    1.06 ^ clkbuf_5_16_0_clk/I (gf180mcu_fd_sc_mcu9t5v0__clkbuf_20)
    13    0.81    0.82    0.81    1.88 ^ clkbuf_5_16_0_clk/Z (gf180mcu_fd_sc_mcu9t5v0__clkbuf_20)
                                         clknet_5_16_0_clk (net)
                  0.82    0.00    1.88 ^ clkbuf_leaf_257_clk/I (gf180mcu_fd_sc_mcu9t5v0__clkbuf_20)
    29    0.20    0.26    0.51    2.38 ^ clkbuf_leaf_257_clk/Z (gf180mcu_fd_sc_mcu9t5v0__clkbuf_20)
                                         clknet_leaf_257_clk (net)
                  0.26    0.00    2.38 ^ reg_rd_addr[5]$_DFFE_PP_/CLK (gf180mcu_fd_sc_mcu9t5v0__dffq_2)
     9    0.37    3.54    2.96    5.34 ^ reg_rd_addr[5]$_DFFE_PP_/Q (gf180mcu_fd_sc_mcu9t5v0__dffq_2)
                                         reg_rd_addr[5] (net)
                  3.54    0.00    5.34 ^ _21650_/A1 (gf180mcu_fd_sc_mcu9t5v0__nor2_4)
    16    0.34    1.72    1.48    6.82 v _21650_/ZN (gf180mcu_fd_sc_mcu9t5v0__nor2_4)
                                         _08697_ (net)
                  1.72    0.00    6.82 v place2262/I (gf180mcu_fd_sc_mcu9t5v0__buf_12)
    10    0.27    0.29    0.91    7.73 v place2262/Z (gf180mcu_fd_sc_mcu9t5v0__buf_12)
                                         net2262 (net)
                  0.29    0.00    7.73 v _22433_/A4 (gf180mcu_fd_sc_mcu9t5v0__and4_4)
    24    0.76    1.63    1.65    9.39 v _22433_/Z (gf180mcu_fd_sc_mcu9t5v0__and4_4)
                                         _09480_ (net)
                  1.63    0.00    9.39 v _23647_/A2 (gf180mcu_fd_sc_mcu9t5v0__and2_4)
     5    0.24    0.55    1.21   10.60 v _23647_/Z (gf180mcu_fd_sc_mcu9t5v0__and2_4)
                                         _10694_ (net)
                  0.55    0.00   10.60 v _24029_/A2 (gf180mcu_fd_sc_mcu9t5v0__or4_2)
     1    0.01    0.26    1.08   11.68 v _24029_/Z (gf180mcu_fd_sc_mcu9t5v0__or4_2)
                                         _11076_ (net)
                  0.26    0.00   11.68 v _24036_/A3 (gf180mcu_fd_sc_mcu9t5v0__or4_2)
     1    0.01    0.31    1.16   12.84 v _24036_/Z (gf180mcu_fd_sc_mcu9t5v0__or4_2)
                                         _11083_ (net)
                  0.31    0.00   12.84 v _24037_/A4 (gf180mcu_fd_sc_mcu9t5v0__or4_4)
     1    0.02    0.28    1.16   14.00 v _24037_/Z (gf180mcu_fd_sc_mcu9t5v0__or4_4)
                                         _11084_ (net)
                  0.28    0.00   14.00 v _24109_/A1 (gf180mcu_fd_sc_mcu9t5v0__or4_2)
     1    0.01    0.25    0.85   14.85 v _24109_/Z (gf180mcu_fd_sc_mcu9t5v0__or4_2)
                                         _11156_ (net)
                  0.25    0.00   14.85 v _24196_/A2 (gf180mcu_fd_sc_mcu9t5v0__or4_2)
     1    0.02    0.31    1.07   15.92 v _24196_/Z (gf180mcu_fd_sc_mcu9t5v0__or4_2)
                                         _11243_ (net)
                  0.31    0.00   15.92 v _24723_/A2 (gf180mcu_fd_sc_mcu9t5v0__or4_4)
     9    0.23    0.75    1.50   17.42 v _24723_/Z (gf180mcu_fd_sc_mcu9t5v0__or4_4)
                                         _11770_ (net)
                  0.75    0.00   17.42 v _28776_/A1 (gf180mcu_fd_sc_mcu9t5v0__and4_4)
     1    0.06    0.26    0.77   18.20 v _28776_/Z (gf180mcu_fd_sc_mcu9t5v0__and4_4)
                                         _15819_ (net)
                  0.26    0.00   18.20 v _28778_/B2 (gf180mcu_fd_sc_mcu9t5v0__aoi221_2)
     1    0.01    0.81    0.86   19.05 ^ _28778_/ZN (gf180mcu_fd_sc_mcu9t5v0__aoi221_2)
                                         _00174_ (net)
                  0.81    0.00   19.05 ^ regfile_inst.out[4]$_DFFE_PN0P_/D (gf180mcu_fd_sc_mcu9t5v0__dffrnq_2)
                                 19.05   data arrival time

                         20.00   20.00   clock clk (rise edge)
                          0.00   20.00   clock source latency
     1    0.31    0.00    0.00   20.00 ^ clk (in)
                                         clk (net)
                  0.00    0.00   20.00 ^ clkbuf_0_clk/I (gf180mcu_fd_sc_mcu9t5v0__clkbuf_20)
     4    0.35    0.39    0.40   20.40 ^ clkbuf_0_clk/Z (gf180mcu_fd_sc_mcu9t5v0__clkbuf_20)
                                         clknet_0_clk (net)
                  0.39    0.00   20.40 ^ clkbuf_2_2_0_clk/I (gf180mcu_fd_sc_mcu9t5v0__clkbuf_20)
     8    0.62    0.65    0.66   21.06 ^ clkbuf_2_2_0_clk/Z (gf180mcu_fd_sc_mcu9t5v0__clkbuf_20)
                                         clknet_2_2_0_clk (net)
                  0.65    0.00   21.06 ^ clkbuf_5_18_0_clk/I (gf180mcu_fd_sc_mcu9t5v0__clkbuf_20)
     9    0.65    0.67    0.73   21.79 ^ clkbuf_5_18_0_clk/Z (gf180mcu_fd_sc_mcu9t5v0__clkbuf_20)
                                         clknet_5_18_0_clk (net)
                  0.67    0.00   21.79 ^ clkbuf_leaf_270_clk/I (gf180mcu_fd_sc_mcu9t5v0__clkbuf_20)
    26    0.20    0.26    0.48   22.27 ^ clkbuf_leaf_270_clk/Z (gf180mcu_fd_sc_mcu9t5v0__clkbuf_20)
                                         clknet_leaf_270_clk (net)
                  0.26    0.00   22.27 ^ regfile_inst.out[4]$_DFFE_PN0P_/CLK (gf180mcu_fd_sc_mcu9t5v0__dffrnq_2)
                          0.00   22.27   clock reconvergence pessimism
                         -0.54   21.73   library setup time
                                 21.73   data required time
-----------------------------------------------------------------------------
                                 21.73   data required time
                                -19.05   data arrival time
-----------------------------------------------------------------------------
                                  2.68   slack (MET)



==========================================================================
cts final report_check_types -max_slew -max_cap -max_fanout -violators
--------------------------------------------------------------------------

==========================================================================
cts final max_slew_check_slack
--------------------------------------------------------------------------
1.8184685707092285

==========================================================================
cts final max_slew_check_limit
--------------------------------------------------------------------------
6.0

==========================================================================
cts final max_slew_check_slack_limit
--------------------------------------------------------------------------
0.3031

==========================================================================
cts final max_fanout_check_slack
--------------------------------------------------------------------------
1.0000000150474662e+30

==========================================================================
cts final max_fanout_check_limit
--------------------------------------------------------------------------
1.0000000150474662e+30

==========================================================================
cts final max_capacitance_check_slack
--------------------------------------------------------------------------
0.11964908242225647

==========================================================================
cts final max_capacitance_check_limit
--------------------------------------------------------------------------
0.15449999272823334

==========================================================================
cts final max_capacitance_check_slack_limit
--------------------------------------------------------------------------
0.7744

==========================================================================
cts final max_slew_violation_count
--------------------------------------------------------------------------
max slew violation count 0

==========================================================================
cts final max_fanout_violation_count
--------------------------------------------------------------------------
max fanout violation count 0

==========================================================================
cts final max_cap_violation_count
--------------------------------------------------------------------------
max cap violation count 0

==========================================================================
cts final setup_violation_count
--------------------------------------------------------------------------
setup violation count 0

==========================================================================
cts final hold_violation_count
--------------------------------------------------------------------------
hold violation count 0

==========================================================================
cts final report_checks -path_delay max reg to reg
--------------------------------------------------------------------------
Startpoint: regfile_rst_n$_SDFFE_PP0P_
            (rising edge-triggered flip-flop clocked by clk)
Endpoint: regfile_inst.out[1]$_DFFE_PN0P_
          (recovery check against rising-edge clock clk)
Path Group: asynchronous
Path Type: max

  Delay    Time   Description
---------------------------------------------------------
   0.00    0.00   clock clk (rise edge)
   0.00    0.00   clock source latency
   0.00    0.00 ^ clk (in)
   0.40    0.40 ^ clkbuf_0_clk/Z (gf180mcu_fd_sc_mcu9t5v0__clkbuf_20)
   0.66    1.06 ^ clkbuf_2_0_0_clk/Z (gf180mcu_fd_sc_mcu9t5v0__clkbuf_20)
   0.78    1.84 ^ clkbuf_5_5_0_clk/Z (gf180mcu_fd_sc_mcu9t5v0__clkbuf_20)
   0.50    2.34 ^ clkbuf_leaf_295_clk/Z (gf180mcu_fd_sc_mcu9t5v0__clkbuf_20)
   0.00    2.34 ^ regfile_rst_n$_SDFFE_PP0P_/CLK (gf180mcu_fd_sc_mcu9t5v0__dffq_2)
   2.01    4.35 ^ regfile_rst_n$_SDFFE_PP0P_/Q (gf180mcu_fd_sc_mcu9t5v0__dffq_2)
   0.00    4.35 ^ regfile_inst.out[1]$_DFFE_PN0P_/RN (gf180mcu_fd_sc_mcu9t5v0__dffrnq_2)
           4.35   data arrival time

  20.00   20.00   clock clk (rise edge)
   0.00   20.00   clock source latency
   0.00   20.00 ^ clk (in)
   0.40   20.40 ^ clkbuf_0_clk/Z (gf180mcu_fd_sc_mcu9t5v0__clkbuf_20)
   0.66   21.06 ^ clkbuf_2_2_0_clk/Z (gf180mcu_fd_sc_mcu9t5v0__clkbuf_20)
   0.73   21.79 ^ clkbuf_5_18_0_clk/Z (gf180mcu_fd_sc_mcu9t5v0__clkbuf_20)
   0.47   22.26 ^ clkbuf_leaf_271_clk/Z (gf180mcu_fd_sc_mcu9t5v0__clkbuf_20)
   0.00   22.26 ^ regfile_inst.out[1]$_DFFE_PN0P_/CLK (gf180mcu_fd_sc_mcu9t5v0__dffrnq_2)
   0.00   22.26   clock reconvergence pessimism
  -0.26   22.00   library recovery time
          22.00   data required time
---------------------------------------------------------
          22.00   data required time
          -4.35   data arrival time
---------------------------------------------------------
          17.65   slack (MET)


Startpoint: reg_rd_addr[5]$_DFFE_PP_
            (rising edge-triggered flip-flop clocked by clk)
Endpoint: regfile_inst.out[4]$_DFFE_PN0P_
          (rising edge-triggered flip-flop clocked by clk)
Path Group: clk
Path Type: max

  Delay    Time   Description
---------------------------------------------------------
   0.00    0.00   clock clk (rise edge)
   0.00    0.00   clock source latency
   0.00    0.00 ^ clk (in)
   0.40    0.40 ^ clkbuf_0_clk/Z (gf180mcu_fd_sc_mcu9t5v0__clkbuf_20)
   0.66    1.06 ^ clkbuf_2_2_0_clk/Z (gf180mcu_fd_sc_mcu9t5v0__clkbuf_20)
   0.81    1.88 ^ clkbuf_5_16_0_clk/Z (gf180mcu_fd_sc_mcu9t5v0__clkbuf_20)
   0.51    2.38 ^ clkbuf_leaf_257_clk/Z (gf180mcu_fd_sc_mcu9t5v0__clkbuf_20)
   0.00    2.38 ^ reg_rd_addr[5]$_DFFE_PP_/CLK (gf180mcu_fd_sc_mcu9t5v0__dffq_2)
   2.96    5.34 ^ reg_rd_addr[5]$_DFFE_PP_/Q (gf180mcu_fd_sc_mcu9t5v0__dffq_2)
   1.48    6.82 v _21650_/ZN (gf180mcu_fd_sc_mcu9t5v0__nor2_4)
   0.91    7.73 v place2262/Z (gf180mcu_fd_sc_mcu9t5v0__buf_12)
   1.65    9.39 v _22433_/Z (gf180mcu_fd_sc_mcu9t5v0__and4_4)
   1.21   10.60 v _23647_/Z (gf180mcu_fd_sc_mcu9t5v0__and2_4)
   1.08   11.68 v _24029_/Z (gf180mcu_fd_sc_mcu9t5v0__or4_2)
   1.16   12.84 v _24036_/Z (gf180mcu_fd_sc_mcu9t5v0__or4_2)
   1.16   14.00 v _24037_/Z (gf180mcu_fd_sc_mcu9t5v0__or4_4)
   0.85   14.85 v _24109_/Z (gf180mcu_fd_sc_mcu9t5v0__or4_2)
   1.07   15.92 v _24196_/Z (gf180mcu_fd_sc_mcu9t5v0__or4_2)
   1.50   17.42 v _24723_/Z (gf180mcu_fd_sc_mcu9t5v0__or4_4)
   0.77   18.20 v _28776_/Z (gf180mcu_fd_sc_mcu9t5v0__and4_4)
   0.86   19.05 ^ _28778_/ZN (gf180mcu_fd_sc_mcu9t5v0__aoi221_2)
   0.00   19.05 ^ regfile_inst.out[4]$_DFFE_PN0P_/D (gf180mcu_fd_sc_mcu9t5v0__dffrnq_2)
          19.05   data arrival time

  20.00   20.00   clock clk (rise edge)
   0.00   20.00   clock source latency
   0.00   20.00 ^ clk (in)
   0.40   20.40 ^ clkbuf_0_clk/Z (gf180mcu_fd_sc_mcu9t5v0__clkbuf_20)
   0.66   21.06 ^ clkbuf_2_2_0_clk/Z (gf180mcu_fd_sc_mcu9t5v0__clkbuf_20)
   0.73   21.79 ^ clkbuf_5_18_0_clk/Z (gf180mcu_fd_sc_mcu9t5v0__clkbuf_20)
   0.48   22.27 ^ clkbuf_leaf_270_clk/Z (gf180mcu_fd_sc_mcu9t5v0__clkbuf_20)
   0.00   22.27 ^ regfile_inst.out[4]$_DFFE_PN0P_/CLK (gf180mcu_fd_sc_mcu9t5v0__dffrnq_2)
   0.00   22.27   clock reconvergence pessimism
  -0.54   21.73   library setup time
          21.73   data required time
---------------------------------------------------------
          21.73   data required time
         -19.05   data arrival time
---------------------------------------------------------
           2.68   slack (MET)



==========================================================================
cts final report_checks -path_delay min reg to reg
--------------------------------------------------------------------------
Startpoint: readout_buffer_rst_n$_SDFFE_PP0P_
            (rising edge-triggered flip-flop clocked by clk)
Endpoint: readout_buffer_inst.out_value[7]$_DFFE_PN0P_
          (removal check against rising-edge clock clk)
Path Group: asynchronous
Path Type: min

  Delay    Time   Description
---------------------------------------------------------
   0.00    0.00   clock clk (rise edge)
   0.00    0.00   clock source latency
   0.00    0.00 ^ clk (in)
   0.40    0.40 ^ clkbuf_0_clk/Z (gf180mcu_fd_sc_mcu9t5v0__clkbuf_20)
   0.66    1.06 ^ clkbuf_2_0_0_clk/Z (gf180mcu_fd_sc_mcu9t5v0__clkbuf_20)
   0.78    1.84 ^ clkbuf_5_5_0_clk/Z (gf180mcu_fd_sc_mcu9t5v0__clkbuf_20)
   0.50    2.34 ^ clkbuf_leaf_295_clk/Z (gf180mcu_fd_sc_mcu9t5v0__clkbuf_20)
   0.00    2.34 ^ readout_buffer_rst_n$_SDFFE_PP0P_/CLK (gf180mcu_fd_sc_mcu9t5v0__dffq_2)
   1.53    3.88 ^ readout_buffer_rst_n$_SDFFE_PP0P_/Q (gf180mcu_fd_sc_mcu9t5v0__dffq_2)
   0.00    3.88 ^ readout_buffer_inst.out_value[7]$_DFFE_PN0P_/RN (gf180mcu_fd_sc_mcu9t5v0__dffrnq_2)
           3.88   data arrival time

   0.00    0.00   clock clk (rise edge)
   0.00    0.00   clock source latency
   0.00    0.00 ^ clk (in)
   0.40    0.40 ^ clkbuf_0_clk/Z (gf180mcu_fd_sc_mcu9t5v0__clkbuf_20)
   0.66    1.06 ^ clkbuf_2_2_0_clk/Z (gf180mcu_fd_sc_mcu9t5v0__clkbuf_20)
   0.81    1.88 ^ clkbuf_5_16_0_clk/Z (gf180mcu_fd_sc_mcu9t5v0__clkbuf_20)
   0.50    2.38 ^ clkbuf_leaf_256_clk/Z (gf180mcu_fd_sc_mcu9t5v0__clkbuf_20)
   0.00    2.38 ^ readout_buffer_inst.out_value[7]$_DFFE_PN0P_/CLK (gf180mcu_fd_sc_mcu9t5v0__dffrnq_2)
   0.00    2.38   clock reconvergence pessimism
   0.82    3.20   library removal time
           3.20   data required time
---------------------------------------------------------
           3.20   data required time
          -3.88   data arrival time
---------------------------------------------------------
           0.68   slack (MET)


Startpoint: current_pixel_index[9]$_SDFFCE_PP0P_
            (rising edge-triggered flip-flop clocked by clk)
Endpoint: current_pixel_index[9]$_SDFFCE_PP0P_
          (rising edge-triggered flip-flop clocked by clk)
Path Group: clk
Path Type: min

  Delay    Time   Description
---------------------------------------------------------
   0.00    0.00   clock clk (rise edge)
   0.00    0.00   clock source latency
   0.00    0.00 ^ clk (in)
   0.40    0.40 ^ clkbuf_0_clk/Z (gf180mcu_fd_sc_mcu9t5v0__clkbuf_20)
   0.66    1.06 ^ clkbuf_2_0_0_clk/Z (gf180mcu_fd_sc_mcu9t5v0__clkbuf_20)
   0.77    1.84 ^ clkbuf_5_4_0_clk/Z (gf180mcu_fd_sc_mcu9t5v0__clkbuf_20)
   0.50    2.33 ^ clkbuf_leaf_300_clk/Z (gf180mcu_fd_sc_mcu9t5v0__clkbuf_20)
   0.00    2.33 ^ current_pixel_index[9]$_SDFFCE_PP0P_/CLK (gf180mcu_fd_sc_mcu9t5v0__dffq_2)
   1.14    3.47 ^ current_pixel_index[9]$_SDFFCE_PP0P_/Q (gf180mcu_fd_sc_mcu9t5v0__dffq_2)
   0.18    3.65 v _21376_/ZN (gf180mcu_fd_sc_mcu9t5v0__oai31_2)
   0.00    3.65 v current_pixel_index[9]$_SDFFCE_PP0P_/D (gf180mcu_fd_sc_mcu9t5v0__dffq_2)
           3.65   data arrival time

   0.00    0.00   clock clk (rise edge)
   0.00    0.00   clock source latency
   0.00    0.00 ^ clk (in)
   0.40    0.40 ^ clkbuf_0_clk/Z (gf180mcu_fd_sc_mcu9t5v0__clkbuf_20)
   0.66    1.06 ^ clkbuf_2_0_0_clk/Z (gf180mcu_fd_sc_mcu9t5v0__clkbuf_20)
   0.77    1.84 ^ clkbuf_5_4_0_clk/Z (gf180mcu_fd_sc_mcu9t5v0__clkbuf_20)
   0.50    2.33 ^ clkbuf_leaf_300_clk/Z (gf180mcu_fd_sc_mcu9t5v0__clkbuf_20)
   0.00    2.33 ^ current_pixel_index[9]$_SDFFCE_PP0P_/CLK (gf180mcu_fd_sc_mcu9t5v0__dffq_2)
   0.00    2.33   clock reconvergence pessimism
   0.21    2.54   library hold time
           2.54   data required time
---------------------------------------------------------
           2.54   data required time
          -3.65   data arrival time
---------------------------------------------------------
           1.11   slack (MET)



==========================================================================
cts final critical path target clock latency max path
--------------------------------------------------------------------------
2.3321

==========================================================================
cts final critical path target clock latency min path
--------------------------------------------------------------------------
2.3327

==========================================================================
cts final critical path source clock latency min path
--------------------------------------------------------------------------
0.0000

==========================================================================
cts final critical path delay
--------------------------------------------------------------------------
19.0531

==========================================================================
cts final critical path slack
--------------------------------------------------------------------------
2.6779

==========================================================================
cts final slack div critical path delay
--------------------------------------------------------------------------
14.054931

==========================================================================
cts final report_power
--------------------------------------------------------------------------
Group                  Internal  Switching    Leakage      Total
                          Power      Power      Power      Power (Watts)
----------------------------------------------------------------
Sequential             4.03e-02   8.79e-05   7.65e-07   4.04e-02  53.0%
Combinational          4.31e-04   2.69e-03   6.41e-07   3.12e-03   4.1%
Clock                  1.56e-02   1.71e-02   9.10e-08   3.27e-02  42.9%
Macro                  0.00e+00   0.00e+00   0.00e+00   0.00e+00   0.0%
Pad                    0.00e+00   0.00e+00   0.00e+00   0.00e+00   0.0%
----------------------------------------------------------------
Total                  5.63e-02   1.99e-02   1.50e-06   7.62e-02 100.0%
                          73.9%      26.1%       0.0%
