
==========================================================================
finish report_tns
--------------------------------------------------------------------------
tns max 0.00

==========================================================================
finish report_wns
--------------------------------------------------------------------------
wns max 0.00

==========================================================================
finish report_worst_slack
--------------------------------------------------------------------------
worst slack max 1.93

==========================================================================
finish report_clock_min_period
--------------------------------------------------------------------------

==========================================================================
finish report_clock_skew
--------------------------------------------------------------------------
Clock clk
   2.55 source latency reg_wr_addr[7]$_DFFE_PP_/CLK ^
  -2.30 target latency regfile_inst.registers[881][2]$_DFFE_PP_/CLK ^
   0.00 CRPR
--------------
   0.25 setup skew


==========================================================================
finish report_checks -path_delay min
--------------------------------------------------------------------------
Startpoint: readout_buffer_rst_n$_SDFFE_PP0P_
            (rising edge-triggered flip-flop clocked by clk)
Endpoint: readout_buffer_inst.out_value[7]$_DFFE_PN0P_
          (removal check against rising-edge clock clk)
Path Group: asynchronous
Path Type: min

Fanout     Cap    Slew   Delay    Time   Description
-----------------------------------------------------------------------------
                          0.00    0.00   clock clk (rise edge)
                          0.00    0.00   clock source latency
     1    0.25    0.00    0.00    0.00 ^ clk (in)
                                         clk (net)
                  0.09    0.04    0.04 ^ clkbuf_0_clk/I (gf180mcu_fd_sc_mcu9t5v0__clkbuf_20)
     4    0.40    0.42    0.45    0.49 ^ clkbuf_0_clk/Z (gf180mcu_fd_sc_mcu9t5v0__clkbuf_20)
                                         clknet_0_clk (net)
                  0.42    0.01    0.50 ^ clkbuf_2_0_0_clk/I (gf180mcu_fd_sc_mcu9t5v0__clkbuf_20)
     8    0.66    0.64    0.65    1.14 ^ clkbuf_2_0_0_clk/Z (gf180mcu_fd_sc_mcu9t5v0__clkbuf_20)
                                         clknet_2_0_0_clk (net)
                  0.66    0.06    1.20 ^ clkbuf_5_5_0_clk/I (gf180mcu_fd_sc_mcu9t5v0__clkbuf_20)
    12    0.75    0.74    0.77    1.98 ^ clkbuf_5_5_0_clk/Z (gf180mcu_fd_sc_mcu9t5v0__clkbuf_20)
                                         clknet_5_5_0_clk (net)
                  0.74    0.02    2.00 ^ clkbuf_leaf_295_clk/I (gf180mcu_fd_sc_mcu9t5v0__clkbuf_20)
    28    0.21    0.25    0.49    2.49 ^ clkbuf_leaf_295_clk/Z (gf180mcu_fd_sc_mcu9t5v0__clkbuf_20)
                                         clknet_leaf_295_clk (net)
                  0.25    0.00    2.49 ^ readout_buffer_rst_n$_SDFFE_PP0P_/CLK (gf180mcu_fd_sc_mcu9t5v0__dffq_2)
     9    0.11    1.04    1.52    4.01 ^ readout_buffer_rst_n$_SDFFE_PP0P_/Q (gf180mcu_fd_sc_mcu9t5v0__dffq_2)
                                         readout_buffer_inst.rst_n (net)
                  1.04    0.00    4.02 ^ readout_buffer_inst.out_value[7]$_DFFE_PN0P_/RN (gf180mcu_fd_sc_mcu9t5v0__dffrnq_2)
                                  4.02   data arrival time

                          0.00    0.00   clock clk (rise edge)
                          0.00    0.00   clock source latency
     1    0.25    0.00    0.00    0.00 ^ clk (in)
                                         clk (net)
                  0.09    0.04    0.04 ^ clkbuf_0_clk/I (gf180mcu_fd_sc_mcu9t5v0__clkbuf_20)
     4    0.40    0.42    0.45    0.49 ^ clkbuf_0_clk/Z (gf180mcu_fd_sc_mcu9t5v0__clkbuf_20)
                                         clknet_0_clk (net)
                  0.42    0.01    0.50 ^ clkbuf_2_2_0_clk/I (gf180mcu_fd_sc_mcu9t5v0__clkbuf_20)
     8    0.65    0.62    0.62    1.12 ^ clkbuf_2_2_0_clk/Z (gf180mcu_fd_sc_mcu9t5v0__clkbuf_20)
                                         clknet_2_2_0_clk (net)
                  0.65    0.08    1.21 ^ clkbuf_5_16_0_clk/I (gf180mcu_fd_sc_mcu9t5v0__clkbuf_20)
    13    0.81    0.78    0.79    1.99 ^ clkbuf_5_16_0_clk/Z (gf180mcu_fd_sc_mcu9t5v0__clkbuf_20)
                                         clknet_5_16_0_clk (net)
                  0.79    0.05    2.05 ^ clkbuf_leaf_256_clk/I (gf180mcu_fd_sc_mcu9t5v0__clkbuf_20)
    31    0.20    0.25    0.50    2.54 ^ clkbuf_leaf_256_clk/Z (gf180mcu_fd_sc_mcu9t5v0__clkbuf_20)
                                         clknet_leaf_256_clk (net)
                  0.25    0.00    2.55 ^ readout_buffer_inst.out_value[7]$_DFFE_PN0P_/CLK (gf180mcu_fd_sc_mcu9t5v0__dffrnq_2)
                          0.00    2.55   clock reconvergence pessimism
                          0.81    3.35   library removal time
                                  3.35   data required time
-----------------------------------------------------------------------------
                                  3.35   data required time
                                 -4.02   data arrival time
-----------------------------------------------------------------------------
                                  0.66   slack (MET)


Startpoint: rst_sync[1]$_DFF_P_ (rising edge-triggered flip-flop clocked by clk)
Endpoint: rst_sync[0]$_SDFF_PN0_
          (rising edge-triggered flip-flop clocked by clk)
Path Group: clk
Path Type: min

Fanout     Cap    Slew   Delay    Time   Description
-----------------------------------------------------------------------------
                          0.00    0.00   clock clk (rise edge)
                          0.00    0.00   clock source latency
     1    0.25    0.00    0.00    0.00 ^ clk (in)
                                         clk (net)
                  0.09    0.04    0.04 ^ clkbuf_0_clk/I (gf180mcu_fd_sc_mcu9t5v0__clkbuf_20)
     4    0.40    0.42    0.45    0.49 ^ clkbuf_0_clk/Z (gf180mcu_fd_sc_mcu9t5v0__clkbuf_20)
                                         clknet_0_clk (net)
                  0.42    0.01    0.50 ^ clkbuf_2_0_0_clk/I (gf180mcu_fd_sc_mcu9t5v0__clkbuf_20)
     8    0.66    0.64    0.65    1.14 ^ clkbuf_2_0_0_clk/Z (gf180mcu_fd_sc_mcu9t5v0__clkbuf_20)
                                         clknet_2_0_0_clk (net)
                  0.65    0.06    1.20 ^ clkbuf_5_4_0_clk/I (gf180mcu_fd_sc_mcu9t5v0__clkbuf_20)
    12    0.74    0.71    0.74    1.95 ^ clkbuf_5_4_0_clk/Z (gf180mcu_fd_sc_mcu9t5v0__clkbuf_20)
                                         clknet_5_4_0_clk (net)
                  0.72    0.03    1.98 ^ clkbuf_leaf_300_clk/I (gf180mcu_fd_sc_mcu9t5v0__clkbuf_20)
    27    0.21    0.25    0.49    2.47 ^ clkbuf_leaf_300_clk/Z (gf180mcu_fd_sc_mcu9t5v0__clkbuf_20)
                                         clknet_leaf_300_clk (net)
                  0.25    0.00    2.47 ^ rst_sync[1]$_DFF_P_/CLK (gf180mcu_fd_sc_mcu9t5v0__dffq_2)
     1    0.01    0.11    1.00    3.47 v rst_sync[1]$_DFF_P_/Q (gf180mcu_fd_sc_mcu9t5v0__dffq_2)
                                         rst_sync[1] (net)
                  0.11    0.00    3.47 v _42284_/A1 (gf180mcu_fd_sc_mcu9t5v0__and2_2)
     1    0.00    0.10    0.32    3.80 v _42284_/Z (gf180mcu_fd_sc_mcu9t5v0__and2_2)
                                         _08372_ (net)
                  0.10    0.00    3.80 v rst_sync[0]$_SDFF_PN0_/D (gf180mcu_fd_sc_mcu9t5v0__dffq_2)
                                  3.80   data arrival time

                          0.00    0.00   clock clk (rise edge)
                          0.00    0.00   clock source latency
     1    0.25    0.00    0.00    0.00 ^ clk (in)
                                         clk (net)
                  0.09    0.04    0.04 ^ clkbuf_0_clk/I (gf180mcu_fd_sc_mcu9t5v0__clkbuf_20)
     4    0.40    0.42    0.45    0.49 ^ clkbuf_0_clk/Z (gf180mcu_fd_sc_mcu9t5v0__clkbuf_20)
                                         clknet_0_clk (net)
                  0.42    0.01    0.50 ^ clkbuf_2_0_0_clk/I (gf180mcu_fd_sc_mcu9t5v0__clkbuf_20)
     8    0.66    0.64    0.65    1.14 ^ clkbuf_2_0_0_clk/Z (gf180mcu_fd_sc_mcu9t5v0__clkbuf_20)
                                         clknet_2_0_0_clk (net)
                  0.65    0.06    1.20 ^ clkbuf_5_4_0_clk/I (gf180mcu_fd_sc_mcu9t5v0__clkbuf_20)
    12    0.74    0.71    0.74    1.95 ^ clkbuf_5_4_0_clk/Z (gf180mcu_fd_sc_mcu9t5v0__clkbuf_20)
                                         clknet_5_4_0_clk (net)
                  0.72    0.03    1.98 ^ clkbuf_leaf_300_clk/I (gf180mcu_fd_sc_mcu9t5v0__clkbuf_20)
    27    0.21    0.25    0.49    2.47 ^ clkbuf_leaf_300_clk/Z (gf180mcu_fd_sc_mcu9t5v0__clkbuf_20)
                                         clknet_leaf_300_clk (net)
                  0.25    0.00    2.47 ^ rst_sync[0]$_SDFF_PN0_/CLK (gf180mcu_fd_sc_mcu9t5v0__dffq_2)
                          0.00    2.47   clock reconvergence pessimism
                          0.22    2.69   library hold time
                                  2.69   data required time
-----------------------------------------------------------------------------
                                  2.69   data required time
                                 -3.80   data arrival time
-----------------------------------------------------------------------------
                                  1.11   slack (MET)



==========================================================================
finish report_checks -path_delay max
--------------------------------------------------------------------------
Startpoint: regfile_rst_n$_SDFFE_PP0P_
            (rising edge-triggered flip-flop clocked by clk)
Endpoint: regfile_inst.out[1]$_DFFE_PN0P_
          (recovery check against rising-edge clock clk)
Path Group: asynchronous
Path Type: max

Fanout     Cap    Slew   Delay    Time   Description
-----------------------------------------------------------------------------
                          0.00    0.00   clock clk (rise edge)
                          0.00    0.00   clock source latency
     1    0.25    0.00    0.00    0.00 ^ clk (in)
                                         clk (net)
                  0.09    0.04    0.04 ^ clkbuf_0_clk/I (gf180mcu_fd_sc_mcu9t5v0__clkbuf_20)
     4    0.40    0.42    0.45    0.49 ^ clkbuf_0_clk/Z (gf180mcu_fd_sc_mcu9t5v0__clkbuf_20)
                                         clknet_0_clk (net)
                  0.42    0.01    0.50 ^ clkbuf_2_0_0_clk/I (gf180mcu_fd_sc_mcu9t5v0__clkbuf_20)
     8    0.66    0.64    0.65    1.14 ^ clkbuf_2_0_0_clk/Z (gf180mcu_fd_sc_mcu9t5v0__clkbuf_20)
                                         clknet_2_0_0_clk (net)
                  0.66    0.06    1.20 ^ clkbuf_5_5_0_clk/I (gf180mcu_fd_sc_mcu9t5v0__clkbuf_20)
    12    0.75    0.74    0.77    1.98 ^ clkbuf_5_5_0_clk/Z (gf180mcu_fd_sc_mcu9t5v0__clkbuf_20)
                                         clknet_5_5_0_clk (net)
                  0.74    0.02    2.00 ^ clkbuf_leaf_295_clk/I (gf180mcu_fd_sc_mcu9t5v0__clkbuf_20)
    28    0.21    0.25    0.49    2.49 ^ clkbuf_leaf_295_clk/Z (gf180mcu_fd_sc_mcu9t5v0__clkbuf_20)
                                         clknet_leaf_295_clk (net)
                  0.25    0.00    2.49 ^ regfile_rst_n$_SDFFE_PP0P_/CLK (gf180mcu_fd_sc_mcu9t5v0__dffq_2)
    12    0.21    1.93    2.05    4.54 ^ regfile_rst_n$_SDFFE_PP0P_/Q (gf180mcu_fd_sc_mcu9t5v0__dffq_2)
                                         regfile_inst.rst_n (net)
                  1.93    0.02    4.57 ^ regfile_inst.out[1]$_DFFE_PN0P_/RN (gf180mcu_fd_sc_mcu9t5v0__dffrnq_2)
                                  4.57   data arrival time

                         20.00   20.00   clock clk (rise edge)
                          0.00   20.00   clock source latency
     1    0.25    0.00    0.00   20.00 ^ clk (in)
                                         clk (net)
                  0.09    0.04   20.04 ^ clkbuf_0_clk/I (gf180mcu_fd_sc_mcu9t5v0__clkbuf_20)
     4    0.40    0.42    0.45   20.49 ^ clkbuf_0_clk/Z (gf180mcu_fd_sc_mcu9t5v0__clkbuf_20)
                                         clknet_0_clk (net)
                  0.42    0.01   20.50 ^ clkbuf_2_2_0_clk/I (gf180mcu_fd_sc_mcu9t5v0__clkbuf_20)
     8    0.65    0.62    0.62   21.12 ^ clkbuf_2_2_0_clk/Z (gf180mcu_fd_sc_mcu9t5v0__clkbuf_20)
                                         clknet_2_2_0_clk (net)
                  0.65    0.07   21.20 ^ clkbuf_5_18_0_clk/I (gf180mcu_fd_sc_mcu9t5v0__clkbuf_20)
     9    0.67    0.66    0.72   21.92 ^ clkbuf_5_18_0_clk/Z (gf180mcu_fd_sc_mcu9t5v0__clkbuf_20)
                                         clknet_5_18_0_clk (net)
                  0.66    0.03   21.95 ^ clkbuf_leaf_271_clk/I (gf180mcu_fd_sc_mcu9t5v0__clkbuf_20)
    26    0.21    0.25    0.48   22.43 ^ clkbuf_leaf_271_clk/Z (gf180mcu_fd_sc_mcu9t5v0__clkbuf_20)
                                         clknet_leaf_271_clk (net)
                  0.25    0.01   22.44 ^ regfile_inst.out[1]$_DFFE_PN0P_/CLK (gf180mcu_fd_sc_mcu9t5v0__dffrnq_2)
                          0.00   22.44   clock reconvergence pessimism
                         -0.27   22.16   library recovery time
                                 22.16   data required time
-----------------------------------------------------------------------------
                                 22.16   data required time
                                 -4.57   data arrival time
-----------------------------------------------------------------------------
                                 17.60   slack (MET)


Startpoint: reg_rd_addr[5]$_DFFE_PP_
            (rising edge-triggered flip-flop clocked by clk)
Endpoint: regfile_inst.out[4]$_DFFE_PN0P_
          (rising edge-triggered flip-flop clocked by clk)
Path Group: clk
Path Type: max

Fanout     Cap    Slew   Delay    Time   Description
-----------------------------------------------------------------------------
                          0.00    0.00   clock clk (rise edge)
                          0.00    0.00   clock source latency
     1    0.25    0.00    0.00    0.00 ^ clk (in)
                                         clk (net)
                  0.09    0.04    0.04 ^ clkbuf_0_clk/I (gf180mcu_fd_sc_mcu9t5v0__clkbuf_20)
     4    0.40    0.42    0.45    0.49 ^ clkbuf_0_clk/Z (gf180mcu_fd_sc_mcu9t5v0__clkbuf_20)
                                         clknet_0_clk (net)
                  0.42    0.01    0.50 ^ clkbuf_2_2_0_clk/I (gf180mcu_fd_sc_mcu9t5v0__clkbuf_20)
     8    0.65    0.62    0.62    1.12 ^ clkbuf_2_2_0_clk/Z (gf180mcu_fd_sc_mcu9t5v0__clkbuf_20)
                                         clknet_2_2_0_clk (net)
                  0.65    0.08    1.21 ^ clkbuf_5_16_0_clk/I (gf180mcu_fd_sc_mcu9t5v0__clkbuf_20)
    13    0.81    0.78    0.79    1.99 ^ clkbuf_5_16_0_clk/Z (gf180mcu_fd_sc_mcu9t5v0__clkbuf_20)
                                         clknet_5_16_0_clk (net)
                  0.79    0.05    2.04 ^ clkbuf_leaf_257_clk/I (gf180mcu_fd_sc_mcu9t5v0__clkbuf_20)
    29    0.21    0.26    0.50    2.55 ^ clkbuf_leaf_257_clk/Z (gf180mcu_fd_sc_mcu9t5v0__clkbuf_20)
                                         clknet_leaf_257_clk (net)
                  0.26    0.00    2.55 ^ reg_rd_addr[5]$_DFFE_PP_/CLK (gf180mcu_fd_sc_mcu9t5v0__dffq_2)
     9    0.39    3.58    3.03    5.58 ^ reg_rd_addr[5]$_DFFE_PP_/Q (gf180mcu_fd_sc_mcu9t5v0__dffq_2)
                                         reg_rd_addr[5] (net)
                  3.58    0.04    5.61 ^ place2278/I (gf180mcu_fd_sc_mcu9t5v0__buf_12)
    12    0.23    0.43    0.61    6.22 ^ place2278/Z (gf180mcu_fd_sc_mcu9t5v0__buf_12)
                                         net2278 (net)
                  0.43    0.01    6.23 ^ _21689_/A1 (gf180mcu_fd_sc_mcu9t5v0__and2_4)
    31    0.99    4.56    2.98    9.21 ^ _21689_/Z (gf180mcu_fd_sc_mcu9t5v0__and2_4)
                                         _08736_ (net)
                  4.57    0.11    9.32 ^ _21853_/A3 (gf180mcu_fd_sc_mcu9t5v0__and4_4)
    19    1.02    4.72    3.62   12.94 ^ _21853_/Z (gf180mcu_fd_sc_mcu9t5v0__and4_4)
                                         _08900_ (net)
                  4.72    0.03   12.97 ^ _22983_/A2 (gf180mcu_fd_sc_mcu9t5v0__and2_4)
     7    0.41    1.91    1.62   14.59 ^ _22983_/Z (gf180mcu_fd_sc_mcu9t5v0__and2_4)
                                         _10030_ (net)
                  1.91    0.03   14.62 ^ _28551_/A2 (gf180mcu_fd_sc_mcu9t5v0__aoi22_2)
     1    0.04    0.77    0.48   15.10 v _28551_/ZN (gf180mcu_fd_sc_mcu9t5v0__aoi22_2)
                                         _15594_ (net)
                  0.77    0.00   15.10 v _28556_/A1 (gf180mcu_fd_sc_mcu9t5v0__nand4_2)
     1    0.03    0.73    0.66   15.77 ^ _28556_/ZN (gf180mcu_fd_sc_mcu9t5v0__nand4_2)
                                         _15599_ (net)
                  0.73    0.00   15.77 ^ _28578_/A1 (gf180mcu_fd_sc_mcu9t5v0__or4_2)
     1    0.02    0.28    0.59   16.36 ^ _28578_/Z (gf180mcu_fd_sc_mcu9t5v0__or4_2)
                                         _15621_ (net)
                  0.28    0.00   16.36 ^ _28643_/A1 (gf180mcu_fd_sc_mcu9t5v0__or4_4)
     1    0.24    1.15    0.98   17.34 ^ _28643_/Z (gf180mcu_fd_sc_mcu9t5v0__or4_4)
                                         _15686_ (net)
                  1.16    0.05   17.39 ^ _28644_/A4 (gf180mcu_fd_sc_mcu9t5v0__nor4_4)
     1    0.12    0.73    0.77   18.15 v _28644_/ZN (gf180mcu_fd_sc_mcu9t5v0__nor4_4)
                                         _15687_ (net)
                  0.73    0.01   18.17 v _28776_/A3 (gf180mcu_fd_sc_mcu9t5v0__and4_4)
     1    0.08    0.27    0.89   19.06 v _28776_/Z (gf180mcu_fd_sc_mcu9t5v0__and4_4)
                                         _15819_ (net)
                  0.27    0.01   19.07 v _28778_/B2 (gf180mcu_fd_sc_mcu9t5v0__aoi221_2)
     1    0.01    0.86    0.89   19.96 ^ _28778_/ZN (gf180mcu_fd_sc_mcu9t5v0__aoi221_2)
                                         _00174_ (net)
                  0.86    0.00   19.96 ^ regfile_inst.out[4]$_DFFE_PN0P_/D (gf180mcu_fd_sc_mcu9t5v0__dffrnq_2)
                                 19.96   data arrival time

                         20.00   20.00   clock clk (rise edge)
                          0.00   20.00   clock source latency
     1    0.25    0.00    0.00   20.00 ^ clk (in)
                                         clk (net)
                  0.09    0.04   20.04 ^ clkbuf_0_clk/I (gf180mcu_fd_sc_mcu9t5v0__clkbuf_20)
     4    0.40    0.42    0.45   20.49 ^ clkbuf_0_clk/Z (gf180mcu_fd_sc_mcu9t5v0__clkbuf_20)
                                         clknet_0_clk (net)
                  0.42    0.01   20.50 ^ clkbuf_2_2_0_clk/I (gf180mcu_fd_sc_mcu9t5v0__clkbuf_20)
     8    0.65    0.62    0.62   21.12 ^ clkbuf_2_2_0_clk/Z (gf180mcu_fd_sc_mcu9t5v0__clkbuf_20)
                                         clknet_2_2_0_clk (net)
                  0.65    0.07   21.20 ^ clkbuf_5_18_0_clk/I (gf180mcu_fd_sc_mcu9t5v0__clkbuf_20)
     9    0.67    0.66    0.72   21.92 ^ clkbuf_5_18_0_clk/Z (gf180mcu_fd_sc_mcu9t5v0__clkbuf_20)
                                         clknet_5_18_0_clk (net)
                  0.66    0.03   21.95 ^ clkbuf_leaf_270_clk/I (gf180mcu_fd_sc_mcu9t5v0__clkbuf_20)
    26    0.22    0.26    0.49   22.44 ^ clkbuf_leaf_270_clk/Z (gf180mcu_fd_sc_mcu9t5v0__clkbuf_20)
                                         clknet_leaf_270_clk (net)
                  0.26    0.00   22.44 ^ regfile_inst.out[4]$_DFFE_PN0P_/CLK (gf180mcu_fd_sc_mcu9t5v0__dffrnq_2)
                          0.00   22.44   clock reconvergence pessimism
                         -0.54   21.90   library setup time
                                 21.90   data required time
-----------------------------------------------------------------------------
                                 21.90   data required time
                                -19.96   data arrival time
-----------------------------------------------------------------------------
                                  1.93   slack (MET)



==========================================================================
finish report_checks -unconstrained
--------------------------------------------------------------------------
Startpoint: regfile_rst_n$_SDFFE_PP0P_
            (rising edge-triggered flip-flop clocked by clk)
Endpoint: regfile_inst.out[1]$_DFFE_PN0P_
          (recovery check against rising-edge clock clk)
Path Group: asynchronous
Path Type: max

Fanout     Cap    Slew   Delay    Time   Description
-----------------------------------------------------------------------------
                          0.00    0.00   clock clk (rise edge)
                          0.00    0.00   clock source latency
     1    0.25    0.00    0.00    0.00 ^ clk (in)
                                         clk (net)
                  0.09    0.04    0.04 ^ clkbuf_0_clk/I (gf180mcu_fd_sc_mcu9t5v0__clkbuf_20)
     4    0.40    0.42    0.45    0.49 ^ clkbuf_0_clk/Z (gf180mcu_fd_sc_mcu9t5v0__clkbuf_20)
                                         clknet_0_clk (net)
                  0.42    0.01    0.50 ^ clkbuf_2_0_0_clk/I (gf180mcu_fd_sc_mcu9t5v0__clkbuf_20)
     8    0.66    0.64    0.65    1.14 ^ clkbuf_2_0_0_clk/Z (gf180mcu_fd_sc_mcu9t5v0__clkbuf_20)
                                         clknet_2_0_0_clk (net)
                  0.66    0.06    1.20 ^ clkbuf_5_5_0_clk/I (gf180mcu_fd_sc_mcu9t5v0__clkbuf_20)
    12    0.75    0.74    0.77    1.98 ^ clkbuf_5_5_0_clk/Z (gf180mcu_fd_sc_mcu9t5v0__clkbuf_20)
                                         clknet_5_5_0_clk (net)
                  0.74    0.02    2.00 ^ clkbuf_leaf_295_clk/I (gf180mcu_fd_sc_mcu9t5v0__clkbuf_20)
    28    0.21    0.25    0.49    2.49 ^ clkbuf_leaf_295_clk/Z (gf180mcu_fd_sc_mcu9t5v0__clkbuf_20)
                                         clknet_leaf_295_clk (net)
                  0.25    0.00    2.49 ^ regfile_rst_n$_SDFFE_PP0P_/CLK (gf180mcu_fd_sc_mcu9t5v0__dffq_2)
    12    0.21    1.93    2.05    4.54 ^ regfile_rst_n$_SDFFE_PP0P_/Q (gf180mcu_fd_sc_mcu9t5v0__dffq_2)
                                         regfile_inst.rst_n (net)
                  1.93    0.02    4.57 ^ regfile_inst.out[1]$_DFFE_PN0P_/RN (gf180mcu_fd_sc_mcu9t5v0__dffrnq_2)
                                  4.57   data arrival time

                         20.00   20.00   clock clk (rise edge)
                          0.00   20.00   clock source latency
     1    0.25    0.00    0.00   20.00 ^ clk (in)
                                         clk (net)
                  0.09    0.04   20.04 ^ clkbuf_0_clk/I (gf180mcu_fd_sc_mcu9t5v0__clkbuf_20)
     4    0.40    0.42    0.45   20.49 ^ clkbuf_0_clk/Z (gf180mcu_fd_sc_mcu9t5v0__clkbuf_20)
                                         clknet_0_clk (net)
                  0.42    0.01   20.50 ^ clkbuf_2_2_0_clk/I (gf180mcu_fd_sc_mcu9t5v0__clkbuf_20)
     8    0.65    0.62    0.62   21.12 ^ clkbuf_2_2_0_clk/Z (gf180mcu_fd_sc_mcu9t5v0__clkbuf_20)
                                         clknet_2_2_0_clk (net)
                  0.65    0.07   21.20 ^ clkbuf_5_18_0_clk/I (gf180mcu_fd_sc_mcu9t5v0__clkbuf_20)
     9    0.67    0.66    0.72   21.92 ^ clkbuf_5_18_0_clk/Z (gf180mcu_fd_sc_mcu9t5v0__clkbuf_20)
                                         clknet_5_18_0_clk (net)
                  0.66    0.03   21.95 ^ clkbuf_leaf_271_clk/I (gf180mcu_fd_sc_mcu9t5v0__clkbuf_20)
    26    0.21    0.25    0.48   22.43 ^ clkbuf_leaf_271_clk/Z (gf180mcu_fd_sc_mcu9t5v0__clkbuf_20)
                                         clknet_leaf_271_clk (net)
                  0.25    0.01   22.44 ^ regfile_inst.out[1]$_DFFE_PN0P_/CLK (gf180mcu_fd_sc_mcu9t5v0__dffrnq_2)
                          0.00   22.44   clock reconvergence pessimism
                         -0.27   22.16   library recovery time
                                 22.16   data required time
-----------------------------------------------------------------------------
                                 22.16   data required time
                                 -4.57   data arrival time
-----------------------------------------------------------------------------
                                 17.60   slack (MET)


Startpoint: reg_rd_addr[5]$_DFFE_PP_
            (rising edge-triggered flip-flop clocked by clk)
Endpoint: regfile_inst.out[4]$_DFFE_PN0P_
          (rising edge-triggered flip-flop clocked by clk)
Path Group: clk
Path Type: max

Fanout     Cap    Slew   Delay    Time   Description
-----------------------------------------------------------------------------
                          0.00    0.00   clock clk (rise edge)
                          0.00    0.00   clock source latency
     1    0.25    0.00    0.00    0.00 ^ clk (in)
                                         clk (net)
                  0.09    0.04    0.04 ^ clkbuf_0_clk/I (gf180mcu_fd_sc_mcu9t5v0__clkbuf_20)
     4    0.40    0.42    0.45    0.49 ^ clkbuf_0_clk/Z (gf180mcu_fd_sc_mcu9t5v0__clkbuf_20)
                                         clknet_0_clk (net)
                  0.42    0.01    0.50 ^ clkbuf_2_2_0_clk/I (gf180mcu_fd_sc_mcu9t5v0__clkbuf_20)
     8    0.65    0.62    0.62    1.12 ^ clkbuf_2_2_0_clk/Z (gf180mcu_fd_sc_mcu9t5v0__clkbuf_20)
                                         clknet_2_2_0_clk (net)
                  0.65    0.08    1.21 ^ clkbuf_5_16_0_clk/I (gf180mcu_fd_sc_mcu9t5v0__clkbuf_20)
    13    0.81    0.78    0.79    1.99 ^ clkbuf_5_16_0_clk/Z (gf180mcu_fd_sc_mcu9t5v0__clkbuf_20)
                                         clknet_5_16_0_clk (net)
                  0.79    0.05    2.04 ^ clkbuf_leaf_257_clk/I (gf180mcu_fd_sc_mcu9t5v0__clkbuf_20)
    29    0.21    0.26    0.50    2.55 ^ clkbuf_leaf_257_clk/Z (gf180mcu_fd_sc_mcu9t5v0__clkbuf_20)
                                         clknet_leaf_257_clk (net)
                  0.26    0.00    2.55 ^ reg_rd_addr[5]$_DFFE_PP_/CLK (gf180mcu_fd_sc_mcu9t5v0__dffq_2)
     9    0.39    3.58    3.03    5.58 ^ reg_rd_addr[5]$_DFFE_PP_/Q (gf180mcu_fd_sc_mcu9t5v0__dffq_2)
                                         reg_rd_addr[5] (net)
                  3.58    0.04    5.61 ^ place2278/I (gf180mcu_fd_sc_mcu9t5v0__buf_12)
    12    0.23    0.43    0.61    6.22 ^ place2278/Z (gf180mcu_fd_sc_mcu9t5v0__buf_12)
                                         net2278 (net)
                  0.43    0.01    6.23 ^ _21689_/A1 (gf180mcu_fd_sc_mcu9t5v0__and2_4)
    31    0.99    4.56    2.98    9.21 ^ _21689_/Z (gf180mcu_fd_sc_mcu9t5v0__and2_4)
                                         _08736_ (net)
                  4.57    0.11    9.32 ^ _21853_/A3 (gf180mcu_fd_sc_mcu9t5v0__and4_4)
    19    1.02    4.72    3.62   12.94 ^ _21853_/Z (gf180mcu_fd_sc_mcu9t5v0__and4_4)
                                         _08900_ (net)
                  4.72    0.03   12.97 ^ _22983_/A2 (gf180mcu_fd_sc_mcu9t5v0__and2_4)
     7    0.41    1.91    1.62   14.59 ^ _22983_/Z (gf180mcu_fd_sc_mcu9t5v0__and2_4)
                                         _10030_ (net)
                  1.91    0.03   14.62 ^ _28551_/A2 (gf180mcu_fd_sc_mcu9t5v0__aoi22_2)
     1    0.04    0.77    0.48   15.10 v _28551_/ZN (gf180mcu_fd_sc_mcu9t5v0__aoi22_2)
                                         _15594_ (net)
                  0.77    0.00   15.10 v _28556_/A1 (gf180mcu_fd_sc_mcu9t5v0__nand4_2)
     1    0.03    0.73    0.66   15.77 ^ _28556_/ZN (gf180mcu_fd_sc_mcu9t5v0__nand4_2)
                                         _15599_ (net)
                  0.73    0.00   15.77 ^ _28578_/A1 (gf180mcu_fd_sc_mcu9t5v0__or4_2)
     1    0.02    0.28    0.59   16.36 ^ _28578_/Z (gf180mcu_fd_sc_mcu9t5v0__or4_2)
                                         _15621_ (net)
                  0.28    0.00   16.36 ^ _28643_/A1 (gf180mcu_fd_sc_mcu9t5v0__or4_4)
     1    0.24    1.15    0.98   17.34 ^ _28643_/Z (gf180mcu_fd_sc_mcu9t5v0__or4_4)
                                         _15686_ (net)
                  1.16    0.05   17.39 ^ _28644_/A4 (gf180mcu_fd_sc_mcu9t5v0__nor4_4)
     1    0.12    0.73    0.77   18.15 v _28644_/ZN (gf180mcu_fd_sc_mcu9t5v0__nor4_4)
                                         _15687_ (net)
                  0.73    0.01   18.17 v _28776_/A3 (gf180mcu_fd_sc_mcu9t5v0__and4_4)
     1    0.08    0.27    0.89   19.06 v _28776_/Z (gf180mcu_fd_sc_mcu9t5v0__and4_4)
                                         _15819_ (net)
                  0.27    0.01   19.07 v _28778_/B2 (gf180mcu_fd_sc_mcu9t5v0__aoi221_2)
     1    0.01    0.86    0.89   19.96 ^ _28778_/ZN (gf180mcu_fd_sc_mcu9t5v0__aoi221_2)
                                         _00174_ (net)
                  0.86    0.00   19.96 ^ regfile_inst.out[4]$_DFFE_PN0P_/D (gf180mcu_fd_sc_mcu9t5v0__dffrnq_2)
                                 19.96   data arrival time

                         20.00   20.00   clock clk (rise edge)
                          0.00   20.00   clock source latency
     1    0.25    0.00    0.00   20.00 ^ clk (in)
                                         clk (net)
                  0.09    0.04   20.04 ^ clkbuf_0_clk/I (gf180mcu_fd_sc_mcu9t5v0__clkbuf_20)
     4    0.40    0.42    0.45   20.49 ^ clkbuf_0_clk/Z (gf180mcu_fd_sc_mcu9t5v0__clkbuf_20)
                                         clknet_0_clk (net)
                  0.42    0.01   20.50 ^ clkbuf_2_2_0_clk/I (gf180mcu_fd_sc_mcu9t5v0__clkbuf_20)
     8    0.65    0.62    0.62   21.12 ^ clkbuf_2_2_0_clk/Z (gf180mcu_fd_sc_mcu9t5v0__clkbuf_20)
                                         clknet_2_2_0_clk (net)
                  0.65    0.07   21.20 ^ clkbuf_5_18_0_clk/I (gf180mcu_fd_sc_mcu9t5v0__clkbuf_20)
     9    0.67    0.66    0.72   21.92 ^ clkbuf_5_18_0_clk/Z (gf180mcu_fd_sc_mcu9t5v0__clkbuf_20)
                                         clknet_5_18_0_clk (net)
                  0.66    0.03   21.95 ^ clkbuf_leaf_270_clk/I (gf180mcu_fd_sc_mcu9t5v0__clkbuf_20)
    26    0.22    0.26    0.49   22.44 ^ clkbuf_leaf_270_clk/Z (gf180mcu_fd_sc_mcu9t5v0__clkbuf_20)
                                         clknet_leaf_270_clk (net)
                  0.26    0.00   22.44 ^ regfile_inst.out[4]$_DFFE_PN0P_/CLK (gf180mcu_fd_sc_mcu9t5v0__dffrnq_2)
                          0.00   22.44   clock reconvergence pessimism
                         -0.54   21.90   library setup time
                                 21.90   data required time
-----------------------------------------------------------------------------
                                 21.90   data required time
                                -19.96   data arrival time
-----------------------------------------------------------------------------
                                  1.93   slack (MET)



==========================================================================
finish report_check_types -max_slew -max_cap -max_fanout -violators
--------------------------------------------------------------------------
max slew

Pin                                    Limit    Slew   Slack
------------------------------------------------------------
_37597_/I1                              6.00    7.76   -1.76 (VIOLATED)
_37241_/I1                              6.00    7.76   -1.76 (VIOLATED)
_39716_/I1                              6.00    7.76   -1.76 (VIOLATED)
_41488_/I1                              6.00    7.75   -1.75 (VIOLATED)
_37506_/I1                              6.00    7.75   -1.75 (VIOLATED)
_37497_/I1                              6.00    7.75   -1.75 (VIOLATED)
_40777_/I1                              6.00    7.75   -1.75 (VIOLATED)
_37587_/I1                              6.00    7.75   -1.75 (VIOLATED)
_41820_/I1                              6.00    7.75   -1.75 (VIOLATED)
_40239_/I1                              6.00    7.75   -1.75 (VIOLATED)
_42000_/I1                              6.00    7.75   -1.75 (VIOLATED)
_38288_/I1                              6.00    7.75   -1.75 (VIOLATED)
_39357_/I1                              6.00    7.75   -1.75 (VIOLATED)
_40939_/I1                              6.00    7.75   -1.75 (VIOLATED)
_38298_/I1                              6.00    7.75   -1.75 (VIOLATED)
_40953_/I1                              6.00    7.75   -1.75 (VIOLATED)
_40786_/I1                              6.00    7.74   -1.74 (VIOLATED)
_39366_/I1                              6.00    7.74   -1.74 (VIOLATED)
_36702_/I1                              6.00    7.74   -1.74 (VIOLATED)
_37227_/I1                              6.00    7.74   -1.74 (VIOLATED)
_40253_/I1                              6.00    7.73   -1.73 (VIOLATED)
_39197_/I1                              6.00    7.73   -1.73 (VIOLATED)
_37785_/I1                              6.00    7.73   -1.73 (VIOLATED)
_42009_/I1                              6.00    7.73   -1.73 (VIOLATED)
_36974_/I1                              6.00    7.73   -1.73 (VIOLATED)
_31814_/I1                              6.00    7.73   -1.73 (VIOLATED)
_38742_/I1                              6.00    7.73   -1.73 (VIOLATED)
_39626_/I1                              6.00    7.72   -1.72 (VIOLATED)
_41398_/I1                              6.00    7.72   -1.72 (VIOLATED)
_38842_/I1                              6.00    7.72   -1.72 (VIOLATED)
_38665_/I1                              6.00    7.72   -1.72 (VIOLATED)
_36711_/I1                              6.00    7.72   -1.72 (VIOLATED)
_41389_/I1                              6.00    7.72   -1.72 (VIOLATED)
_38028_/I1                              6.00    7.72   -1.72 (VIOLATED)
_36965_/I1                              6.00    7.72   -1.72 (VIOLATED)
_40606_/I1                              6.00    7.71   -1.71 (VIOLATED)
_40517_/I1                              6.00    7.70   -1.70 (VIOLATED)
_39277_/I1                              6.00    7.70   -1.70 (VIOLATED)
_38387_/I1                              6.00    7.68   -1.68 (VIOLATED)
_31605_/I1                              6.00    7.68   -1.68 (VIOLATED)
_38927_/I1                              6.00    7.68   -1.68 (VIOLATED)
_40338_/I1                              6.00    7.67   -1.67 (VIOLATED)
_39617_/I1                              6.00    7.67   -1.67 (VIOLATED)
_41757_/I1                              6.00    7.67   -1.67 (VIOLATED)
_40696_/I1                              6.00    7.67   -1.67 (VIOLATED)
_37920_/I1                              6.00    7.67   -1.67 (VIOLATED)
_31664_/I1                              6.00    7.67   -1.67 (VIOLATED)
_41111_/I1                              6.00    7.66   -1.66 (VIOLATED)
_38458_/I1                              6.00    7.66   -1.66 (VIOLATED)
_39806_/I1                              6.00    7.65   -1.65 (VIOLATED)
_31874_/I1                              6.00    7.64   -1.64 (VIOLATED)
_38981_/I1                              6.00    7.64   -1.64 (VIOLATED)
_40876_/I1                              6.00    7.64   -1.64 (VIOLATED)
_40068_/I1                              6.00    7.64   -1.64 (VIOLATED)
_37695_/I1                              6.00    7.64   -1.64 (VIOLATED)
_38252_/I1                              6.00    7.64   -1.64 (VIOLATED)
_39089_/I1                              6.00    7.64   -1.64 (VIOLATED)
_41910_/I1                              6.00    7.64   -1.64 (VIOLATED)
_41919_/I1                              6.00    7.64   -1.64 (VIOLATED)
_41667_/I1                              6.00    7.64   -1.64 (VIOLATED)
_41658_/I1                              6.00    7.64   -1.64 (VIOLATED)
_40597_/I1                              6.00    7.64   -1.64 (VIOLATED)
_40687_/I1                              6.00    7.64   -1.64 (VIOLATED)
_39997_/I1                              6.00    7.64   -1.64 (VIOLATED)
_38872_/I1                              6.00    7.64   -1.64 (VIOLATED)
_41623_/I1                              6.00    7.63   -1.63 (VIOLATED)
_39463_/I1                              6.00    7.63   -1.63 (VIOLATED)
_37271_/I1                              6.00    7.63   -1.63 (VIOLATED)
_41578_/I1                              6.00    7.63   -1.63 (VIOLATED)
_31689_/I1                              6.00    7.63   -1.63 (VIOLATED)
_39635_/I1                              6.00    7.63   -1.63 (VIOLATED)
_40855_/I1                              6.00    7.63   -1.63 (VIOLATED)
_38783_/I1                              6.00    7.63   -1.63 (VIOLATED)
_41731_/I1                              6.00    7.62   -1.62 (VIOLATED)
_37408_/I1                              6.00    7.62   -1.62 (VIOLATED)
_31726_/I1                              6.00    7.62   -1.62 (VIOLATED)
_40428_/I1                              6.00    7.62   -1.62 (VIOLATED)
_39707_/I1                              6.00    7.62   -1.62 (VIOLATED)
_36893_/I1                              6.00    7.61   -1.61 (VIOLATED)
_41191_/I1                              6.00    7.60   -1.60 (VIOLATED)
_38339_/I1                              6.00    7.60   -1.60 (VIOLATED)
_42036_/I1                              6.00    7.60   -1.60 (VIOLATED)
_39125_/I1                              6.00    7.60   -1.60 (VIOLATED)
_38181_/I1                              6.00    7.60   -1.60 (VIOLATED)
_39976_/I1                              6.00    7.60   -1.60 (VIOLATED)
_40795_/I1                              6.00    7.60   -1.60 (VIOLATED)
_31829_/I1                              6.00    7.60   -1.60 (VIOLATED)
_40705_/I1                              6.00    7.60   -1.60 (VIOLATED)
_40804_/I1                              6.00    7.60   -1.60 (VIOLATED)
_38503_/I1                              6.00    7.60   -1.60 (VIOLATED)
_39526_/I1                              6.00    7.60   -1.60 (VIOLATED)
_39393_/I1                              6.00    7.59   -1.59 (VIOLATED)
_41263_/I1                              6.00    7.59   -1.59 (VIOLATED)
_41844_/I1                              6.00    7.59   -1.59 (VIOLATED)
_39725_/I1                              6.00    7.59   -1.59 (VIOLATED)
_37767_/I1                              6.00    7.59   -1.59 (VIOLATED)
_38476_/I1                              6.00    7.59   -1.59 (VIOLATED)
_38199_/I1                              6.00    7.59   -1.59 (VIOLATED)
_38127_/I1                              6.00    7.59   -1.59 (VIOLATED)
_40508_/I1                              6.00    7.59   -1.59 (VIOLATED)
_41228_/I1                              6.00    7.59   -1.59 (VIOLATED)
_40329_/I1                              6.00    7.59   -1.59 (VIOLATED)
_31802_/I1                              6.00    7.59   -1.59 (VIOLATED)
_37524_/I1                              6.00    7.59   -1.59 (VIOLATED)
_37812_/I1                              6.00    7.59   -1.59 (VIOLATED)
_41002_/I1                              6.00    7.58   -1.58 (VIOLATED)
_41479_/I1                              6.00    7.58   -1.58 (VIOLATED)
_36749_/I1                              6.00    7.58   -1.58 (VIOLATED)
_37064_/I1                              6.00    7.58   -1.58 (VIOLATED)
_38792_/I1                              6.00    7.58   -1.58 (VIOLATED)
_41425_/I1                              6.00    7.58   -1.58 (VIOLATED)
_39384_/I1                              6.00    7.58   -1.58 (VIOLATED)
_39304_/I1                              6.00    7.58   -1.58 (VIOLATED)
_39735_/I1                              6.00    7.58   -1.58 (VIOLATED)
_37327_/I1                              6.00    7.57   -1.57 (VIOLATED)
_38073_/I1                              6.00    7.57   -1.57 (VIOLATED)
_37956_/I1                              6.00    7.57   -1.57 (VIOLATED)
_39544_/I1                              6.00    7.57   -1.57 (VIOLATED)
_41865_/I1                              6.00    7.56   -1.56 (VIOLATED)
_42027_/I1                              6.00    7.56   -1.56 (VIOLATED)
_36944_/I1                              6.00    7.56   -1.56 (VIOLATED)
_38010_/I1                              6.00    7.56   -1.56 (VIOLATED)
_36680_/I0                              6.00    7.56   -1.56 (VIOLATED)
_39071_/I1                              6.00    7.56   -1.56 (VIOLATED)
_39250_/I1                              6.00    7.56   -1.56 (VIOLATED)
_37010_/I1                              6.00    7.56   -1.56 (VIOLATED)
_41138_/I1                              6.00    7.56   -1.56 (VIOLATED)
_39914_/I1                              6.00    7.55   -1.55 (VIOLATED)
_38240_/I1                              6.00    7.55   -1.55 (VIOLATED)
_38566_/I1                              6.00    7.54   -1.54 (VIOLATED)
_38217_/I1                              6.00    7.54   -1.54 (VIOLATED)
_38485_/I1                              6.00    7.53   -1.53 (VIOLATED)
_39188_/I1                              6.00    7.53   -1.53 (VIOLATED)
_40526_/I1                              6.00    7.53   -1.53 (VIOLATED)
_41775_/I1                              6.00    7.53   -1.53 (VIOLATED)
_39797_/I1                              6.00    7.53   -1.53 (VIOLATED)
_41219_/I1                              6.00    7.53   -1.53 (VIOLATED)
_37172_/I1                              6.00    7.53   -1.53 (VIOLATED)
_40993_/I1                              6.00    7.52   -1.52 (VIOLATED)
_39139_/I1                              6.00    7.52   -1.52 (VIOLATED)
_37479_/I1                              6.00    7.52   -1.52 (VIOLATED)
_40265_/I1                              6.00    7.52   -1.52 (VIOLATED)
_41766_/I1                              6.00    7.52   -1.52 (VIOLATED)
_40410_/I1                              6.00    7.52   -1.52 (VIOLATED)
_37746_/I1                              6.00    7.52   -1.52 (VIOLATED)
_39658_/I1                              6.00    7.51   -1.51 (VIOLATED)
_38190_/I1                              6.00    7.51   -1.51 (VIOLATED)
_37380_/I1                              6.00    7.51   -1.51 (VIOLATED)
_41251_/I1                              6.00    7.51   -1.51 (VIOLATED)
_40275_/I1                              6.00    7.51   -1.51 (VIOLATED)
_38019_/I1                              6.00    7.51   -1.51 (VIOLATED)
_39508_/I0                              6.00    7.50   -1.50 (VIOLATED)
_37866_/I1                              6.00    7.50   -1.50 (VIOLATED)
_37142_/I1                              6.00    7.50   -1.50 (VIOLATED)
_36857_/I0                              6.00    7.50   -1.50 (VIOLATED)
_41830_/I1                              6.00    7.50   -1.50 (VIOLATED)
_41506_/I1                              6.00    7.50   -1.50 (VIOLATED)
_41052_/I1                              6.00    7.50   -1.50 (VIOLATED)
_38467_/I1                              6.00    7.48   -1.48 (VIOLATED)
_38828_/I1                              6.00    7.44   -1.44 (VIOLATED)
_39896_/I1                              6.00    7.39   -1.39 (VIOLATED)
_40544_/I1                              6.00    7.38   -1.38 (VIOLATED)
_41676_/I1                              6.00    7.34   -1.34 (VIOLATED)
_40086_/I1                              6.00    7.30   -1.30 (VIOLATED)
_31629_/I1                              6.00    7.25   -1.25 (VIOLATED)
_38042_/I1                              6.00    7.24   -1.24 (VIOLATED)
_37875_/I1                              6.00    7.24   -1.24 (VIOLATED)
_39824_/I1                              6.00    7.23   -1.23 (VIOLATED)
_38593_/I1                              6.00    7.22   -1.22 (VIOLATED)
_37714_/I1                              6.00    7.20   -1.20 (VIOLATED)
_39571_/I1                              6.00    7.18   -1.18 (VIOLATED)
_40006_/I1                              6.00    7.18   -1.18 (VIOLATED)
_41064_/I1                              6.00    7.13   -1.13 (VIOLATED)
_40352_/I1                              6.00    7.12   -1.12 (VIOLATED)
_39559_/I1                              6.00    7.10   -1.10 (VIOLATED)
_41152_/I1                              6.00    7.09   -1.09 (VIOLATED)
_31737_/I1                              6.00    7.05   -1.05 (VIOLATED)
_31617_/I1                              6.00    6.99   -0.99 (VIOLATED)
_38153_/I1                              6.00    6.96   -0.96 (VIOLATED)
_39481_/I1                              6.00    6.93   -0.93 (VIOLATED)
_39815_/I1                              6.00    6.92   -0.92 (VIOLATED)
_39472_/I1                              6.00    6.88   -0.88 (VIOLATED)
_41073_/I1                              6.00    6.84   -0.84 (VIOLATED)
_37353_/I1                              6.00    6.82   -0.82 (VIOLATED)
_37893_/I1                              6.00    6.76   -0.76 (VIOLATED)
_36821_/I1                              6.00    6.73   -0.73 (VIOLATED)
_40364_/I1                              6.00    6.73   -0.73 (VIOLATED)
_38941_/I1                              6.00    6.73   -0.73 (VIOLATED)
_38396_/I1                              6.00    6.73   -0.73 (VIOLATED)
_41164_/I1                              6.00    6.73   -0.73 (VIOLATED)
_36902_/I1                              6.00    6.73   -0.73 (VIOLATED)
_37417_/I1                              6.00    6.66   -0.66 (VIOLATED)
_38141_/I1                              6.00    6.59   -0.59 (VIOLATED)
_38683_/I1                              6.00    6.53   -0.53 (VIOLATED)
_40071_/I1                              6.00    6.52   -0.52 (VIOLATED)
_37869_/I1                              6.00    6.52   -0.52 (VIOLATED)
_39253_/I1                              6.00    6.52   -0.52 (VIOLATED)
_40609_/I1                              6.00    6.52   -0.52 (VIOLATED)
_40807_/I1                              6.00    6.52   -0.52 (VIOLATED)
_40080_/I1                              6.00    6.52   -0.52 (VIOLATED)
_39511_/I0                              6.00    6.52   -0.52 (VIOLATED)
_39074_/I1                              6.00    6.52   -0.52 (VIOLATED)
_38013_/I1                              6.00    6.52   -0.52 (VIOLATED)
_37761_/I1                              6.00    6.52   -0.52 (VIOLATED)
_31835_/I1                              6.00    6.52   -0.52 (VIOLATED)
_38461_/I1                              6.00    6.52   -0.52 (VIOLATED)
_42030_/I1                              6.00    6.52   -0.52 (VIOLATED)
_38345_/I1                              6.00    6.52   -0.52 (VIOLATED)
_40188_/I1                              6.00    6.51   -0.51 (VIOLATED)
_41581_/I1                              6.00    6.51   -0.51 (VIOLATED)
_35804_/I1                              6.00    6.51   -0.51 (VIOLATED)
_39040_/I1                              6.00    6.50   -0.50 (VIOLATED)
_35204_/I1                              6.00    6.50   -0.50 (VIOLATED)
_39215_/I1                              6.00    6.50   -0.50 (VIOLATED)
_33487_/I1                              6.00    6.50   -0.50 (VIOLATED)
_38584_/I1                              6.00    6.50   -0.50 (VIOLATED)
_38930_/I1                              6.00    6.50   -0.50 (VIOLATED)
_40529_/I1                              6.00    6.50   -0.50 (VIOLATED)
_40179_/I1                              6.00    6.50   -0.50 (VIOLATED)
_37959_/I1                              6.00    6.49   -0.49 (VIOLATED)
_41058_/I1                              6.00    6.49   -0.49 (VIOLATED)
_36752_/I1                              6.00    6.49   -0.49 (VIOLATED)
_39926_/I1                              6.00    6.49   -0.49 (VIOLATED)
_31729_/I1                              6.00    6.49   -0.49 (VIOLATED)
_41257_/I1                              6.00    6.49   -0.49 (VIOLATED)
_38713_/I1                              6.00    6.49   -0.49 (VIOLATED)
_39298_/I1                              6.00    6.49   -0.49 (VIOLATED)
_40717_/I1                              6.00    6.49   -0.49 (VIOLATED)
_36683_/I0                              6.00    6.48   -0.48 (VIOLATED)
_37704_/I1                              6.00    6.48   -0.48 (VIOLATED)
_41438_/I1                              6.00    6.47   -0.47 (VIOLATED)
_39664_/I1                              6.00    6.47   -0.47 (VIOLATED)
_41661_/I1                              6.00    6.47   -0.47 (VIOLATED)
_41670_/I1                              6.00    6.47   -0.47 (VIOLATED)
_41320_/I1                              6.00    6.47   -0.47 (VIOLATED)
_36860_/I0                              6.00    6.47   -0.47 (VIOLATED)
_38984_/I1                              6.00    6.47   -0.47 (VIOLATED)
_41374_/I1                              6.00    6.47   -0.47 (VIOLATED)
_37330_/I1                              6.00    6.47   -0.47 (VIOLATED)
_39466_/I1                              6.00    6.47   -0.47 (VIOLATED)
_37923_/I1                              6.00    6.47   -0.47 (VIOLATED)
_38875_/I1                              6.00    6.47   -0.47 (VIOLATED)
_40690_/I1                              6.00    6.46   -0.46 (VIOLATED)
_40879_/I1                              6.00    6.46   -0.46 (VIOLATED)
_39809_/I1                              6.00    6.46   -0.46 (VIOLATED)
_39979_/I1                              6.00    6.46   -0.46 (VIOLATED)
_41850_/I1                              6.00    6.46   -0.46 (VIOLATED)
_40000_/I1                              6.00    6.46   -0.46 (VIOLATED)
_41769_/I1                              6.00    6.45   -0.45 (VIOLATED)
_31877_/I1                              6.00    6.45   -0.45 (VIOLATED)
_41913_/I1                              6.00    6.45   -0.45 (VIOLATED)
_41922_/I1                              6.00    6.45   -0.45 (VIOLATED)
_36896_/I1                              6.00    6.44   -0.44 (VIOLATED)
_37083_/I1                              6.00    6.43   -0.43 (VIOLATED)
_39020_/I1                              6.00    6.43   -0.43 (VIOLATED)
_41428_/I1                              6.00    6.43   -0.43 (VIOLATED)
_40413_/I1                              6.00    6.43   -0.43 (VIOLATED)
_42039_/I1                              6.00    6.43   -0.43 (VIOLATED)
_39529_/I1                              6.00    6.43   -0.43 (VIOLATED)
_39145_/I1                              6.00    6.43   -0.43 (VIOLATED)
_37536_/I1                              6.00    6.43   -0.43 (VIOLATED)
_41266_/I1                              6.00    6.43   -0.43 (VIOLATED)
_37965_/I1                              6.00    6.42   -0.42 (VIOLATED)
_41626_/I1                              6.00    6.42   -0.42 (VIOLATED)
_40600_/I1                              6.00    6.42   -0.42 (VIOLATED)
_40996_/I1                              6.00    6.42   -0.42 (VIOLATED)
_38147_/I1                              6.00    6.42   -0.42 (VIOLATED)
_36905_/I1                              6.00    6.42   -0.42 (VIOLATED)
_38390_/I1                              6.00    6.42   -0.42 (VIOLATED)
_37482_/I1                              6.00    6.42   -0.42 (VIOLATED)
_41114_/I1                              6.00    6.42   -0.42 (VIOLATED)
_38165_/I1                              6.00    6.42   -0.42 (VIOLATED)
_40708_/I1                              6.00    6.42   -0.42 (VIOLATED)
_38966_/I1                              6.00    6.42   -0.42 (VIOLATED)
_37698_/I1                              6.00    6.42   -0.42 (VIOLATED)
_40341_/I1                              6.00    6.42   -0.42 (VIOLATED)
_40332_/I1                              6.00    6.42   -0.42 (VIOLATED)
_40278_/I1                              6.00    6.42   -0.42 (VIOLATED)
_40268_/I1                              6.00    6.42   -0.42 (VIOLATED)
_41509_/I1                              6.00    6.42   -0.42 (VIOLATED)
_41194_/I1                              6.00    6.41   -0.41 (VIOLATED)
_38470_/I1                              6.00    6.41   -0.41 (VIOLATED)
_41085_/I1                              6.00    6.41   -0.41 (VIOLATED)
_39307_/I1                              6.00    6.41   -0.41 (VIOLATED)
_37463_/I1                              6.00    6.41   -0.41 (VIOLATED)
_34417_/I1                              6.00    6.41   -0.41 (VIOLATED)
_37815_/I1                              6.00    6.41   -0.41 (VIOLATED)
_39396_/I1                              6.00    6.41   -0.41 (VIOLATED)
_39227_/I1                              6.00    6.41   -0.41 (VIOLATED)
_37491_/I1                              6.00    6.40   -0.40 (VIOLATED)
_32381_/I1                              6.00    6.40   -0.40 (VIOLATED)
_35237_/I1                              6.00    6.40   -0.40 (VIOLATED)
_35246_/I1                              6.00    6.40   -0.40 (VIOLATED)
_32402_/I1                              6.00    6.40   -0.40 (VIOLATED)
_40538_/I1                              6.00    6.40   -0.40 (VIOLATED)
_36035_/I1                              6.00    6.40   -0.40 (VIOLATED)
_32079_/I1                              6.00    6.40   -0.40 (VIOLATED)
_41356_/I1                              6.00    6.40   -0.40 (VIOLATED)
_39583_/I1                              6.00    6.40   -0.40 (VIOLATED)
_37365_/I1                              6.00    6.39   -0.39 (VIOLATED)
_35326_/I1                              6.00    6.39   -0.39 (VIOLATED)
_37374_/I1                              6.00    6.39   -0.39 (VIOLATED)
_37995_/I1                              6.00    6.39   -0.39 (VIOLATED)
_34783_/I1                              6.00    6.39   -0.39 (VIOLATED)
_41365_/I1                              6.00    6.39   -0.39 (VIOLATED)
_38418_/I1                              6.00    6.39   -0.39 (VIOLATED)
_38452_/I1                              6.00    6.39   -0.39 (VIOLATED)
_35219_/I1                              6.00    6.39   -0.39 (VIOLATED)
_37752_/I1                              6.00    6.39   -0.39 (VIOLATED)
_35817_/I1                              6.00    6.38   -0.38 (VIOLATED)
_35826_/I1                              6.00    6.38   -0.38 (VIOLATED)
_32138_/I1                              6.00    6.38   -0.38 (VIOLATED)
_36626_/I1                              6.00    6.38   -0.38 (VIOLATED)
_35565_/I1                              6.00    6.38   -0.38 (VIOLATED)
_34455_/I1                              6.00    6.38   -0.38 (VIOLATED)
_36160_/I1                              6.00    6.38   -0.38 (VIOLATED)
_36169_/I1                              6.00    6.38   -0.38 (VIOLATED)
_37986_/I1                              6.00    6.38   -0.38 (VIOLATED)
_37383_/I1                              6.00    6.38   -0.38 (VIOLATED)
_35027_/I1                              6.00    6.38   -0.38 (VIOLATED)
_33922_/I1                              6.00    6.38   -0.38 (VIOLATED)
_36078_/I1                              6.00    6.38   -0.38 (VIOLATED)
_37426_/I1                              6.00    6.38   -0.38 (VIOLATED)
_37122_/I1                              6.00    6.38   -0.38 (VIOLATED)
_31692_/I1                              6.00    6.38   -0.38 (VIOLATED)
_37411_/I1                              6.00    6.38   -0.38 (VIOLATED)
_39547_/I1                              6.00    6.37   -0.37 (VIOLATED)
_39638_/I1                              6.00    6.37   -0.37 (VIOLATED)
_38866_/I1                              6.00    6.37   -0.37 (VIOLATED)
_35903_/I1                              6.00    6.37   -0.37 (VIOLATED)
_41005_/I1                              6.00    6.37   -0.37 (VIOLATED)
_33677_/I1                              6.00    6.37   -0.37 (VIOLATED)
_32533_/I1                              6.00    6.37   -0.37 (VIOLATED)
_39191_/I1                              6.00    6.37   -0.37 (VIOLATED)
_38668_/I1                              6.00    6.37   -0.37 (VIOLATED)
_37175_/I1                              6.00    6.37   -0.37 (VIOLATED)
_39917_/I1                              6.00    6.37   -0.37 (VIOLATED)
_36806_/I1                              6.00    6.37   -0.37 (VIOLATED)
_38076_/I1                              6.00    6.36   -0.36 (VIOLATED)
_41327_/I1                              6.00    6.36   -0.36 (VIOLATED)
_37627_/I1                              6.00    6.36   -0.36 (VIOLATED)
_32226_/I1                              6.00    6.36   -0.36 (VIOLATED)
_32026_/I1                              6.00    6.36   -0.36 (VIOLATED)
_40431_/I1                              6.00    6.35   -0.35 (VIOLATED)
_35514_/I1                              6.00    6.35   -0.35 (VIOLATED)
_31667_/I1                              6.00    6.35   -0.35 (VIOLATED)
_41141_/I1                              6.00    6.35   -0.35 (VIOLATED)
_32973_/I1                              6.00    6.35   -0.35 (VIOLATED)
_32036_/I1                              6.00    6.34   -0.34 (VIOLATED)
_41105_/I1                              6.00    6.34   -0.34 (VIOLATED)
_40167_/I1                              6.00    6.34   -0.34 (VIOLATED)
_40155_/I1                              6.00    6.34   -0.34 (VIOLATED)
_38130_/I1                              6.00    6.33   -0.33 (VIOLATED)
_36115_/I1                              6.00    6.33   -0.33 (VIOLATED)
_41778_/I1                              6.00    6.33   -0.33 (VIOLATED)
_39026_/I1                              6.00    6.32   -0.32 (VIOLATED)
_38506_/I1                              6.00    6.32   -0.32 (VIOLATED)
_38193_/I1                              6.00    6.32   -0.32 (VIOLATED)
_38515_/I1                              6.00    6.32   -0.32 (VIOLATED)
_38022_/I1                              6.00    6.32   -0.32 (VIOLATED)
_39056_/I1                              6.00    6.31   -0.31 (VIOLATED)
_39268_/I1                              6.00    6.31   -0.31 (VIOLATED)
_37154_/I1                              6.00    6.30   -0.30 (VIOLATED)
_36959_/I1                              6.00    6.30   -0.30 (VIOLATED)
_38954_/I1                              6.00    6.30   -0.30 (VIOLATED)
_38728_/I1                              6.00    6.29   -0.29 (VIOLATED)
_36950_/I1                              6.00    6.29   -0.29 (VIOLATED)
_39592_/I1                              6.00    6.29   -0.29 (VIOLATED)
_35823_/I1                              6.00    6.29   -0.29 (VIOLATED)
_35814_/I1                              6.00    6.29   -0.29 (VIOLATED)
_38255_/I1                              6.00    6.29   -0.29 (VIOLATED)
_33916_/I1                              6.00    6.29   -0.29 (VIOLATED)
_33327_/I1                              6.00    6.29   -0.29 (VIOLATED)
_35024_/I1                              6.00    6.29   -0.29 (VIOLATED)
_34835_/I1                              6.00    6.29   -0.29 (VIOLATED)
_32023_/I1                              6.00    6.29   -0.29 (VIOLATED)
_39905_/I1                              6.00    6.29   -0.29 (VIOLATED)
_37974_/I1                              6.00    6.29   -0.29 (VIOLATED)
_39107_/I1                              6.00    6.29   -0.29 (VIOLATED)
_34922_/I1                              6.00    6.29   -0.29 (VIOLATED)
_40437_/I1                              6.00    6.29   -0.29 (VIOLATED)
_33770_/I1                              6.00    6.29   -0.29 (VIOLATED)
_41868_/I1                              6.00    6.29   -0.29 (VIOLATED)
_31747_/I1                              6.00    6.29   -0.29 (VIOLATED)
_32912_/I1                              6.00    6.28   -0.28 (VIOLATED)
_32822_/I1                              6.00    6.28   -0.28 (VIOLATED)
_35643_/I1                              6.00    6.28   -0.28 (VIOLATED)
_35661_/I1                              6.00    6.28   -0.28 (VIOLATED)
_34757_/I1                              6.00    6.28   -0.28 (VIOLATED)
_35088_/I1                              6.00    6.28   -0.28 (VIOLATED)
_36542_/I1                              6.00    6.28   -0.28 (VIOLATED)
_35366_/I1                              6.00    6.27   -0.27 (VIOLATED)
_39728_/I1                              6.00    6.27   -0.27 (VIOLATED)
_41089_/I1                              6.00    6.27   -0.27 (VIOLATED)
_40104_/I1                              6.00    6.27   -0.27 (VIOLATED)
_35868_/I1                              6.00    6.27   -0.27 (VIOLATED)
_35931_/I1                              6.00    6.27   -0.27 (VIOLATED)
_37423_/I1                              6.00    6.27   -0.27 (VIOLATED)
_32711_/I1                              6.00    6.27   -0.27 (VIOLATED)
_35357_/I1                              6.00    6.27   -0.27 (VIOLATED)
_41336_/I1                              6.00    6.27   -0.27 (VIOLATED)
_33131_/I1                              6.00    6.27   -0.27 (VIOLATED)
_41617_/I1                              6.00    6.27   -0.27 (VIOLATED)
_34976_/I1                              6.00    6.27   -0.27 (VIOLATED)
_33696_/I1                              6.00    6.27   -0.27 (VIOLATED)
_40547_/I1                              6.00    6.26   -0.26 (VIOLATED)
_32052_/I1                              6.00    6.26   -0.26 (VIOLATED)
_35339_/I1                              6.00    6.26   -0.26 (VIOLATED)
_38825_/I1                              6.00    6.26   -0.26 (VIOLATED)
_41817_/I1                              6.00    6.26   -0.26 (VIOLATED)
_37224_/I1                              6.00    6.26   -0.26 (VIOLATED)
_37584_/I1                              6.00    6.26   -0.26 (VIOLATED)
_42006_/I1                              6.00    6.26   -0.26 (VIOLATED)
_41485_/I1                              6.00    6.26   -0.26 (VIOLATED)
_37594_/I1                              6.00    6.26   -0.26 (VIOLATED)
_38836_/I1                              6.00    6.26   -0.26 (VIOLATED)
_40247_/I1                              6.00    6.26   -0.26 (VIOLATED)
_35159_/I1                              6.00    6.26   -0.26 (VIOLATED)
_39713_/I1                              6.00    6.26   -0.26 (VIOLATED)
_40983_/I1                              6.00    6.26   -0.26 (VIOLATED)
_37235_/I1                              6.00    6.26   -0.26 (VIOLATED)
_41997_/I1                              6.00    6.25   -0.25 (VIOLATED)
_37494_/I1                              6.00    6.25   -0.25 (VIOLATED)
_37503_/I1                              6.00    6.25   -0.25 (VIOLATED)
_40774_/I1                              6.00    6.25   -0.25 (VIOLATED)
_39704_/I1                              6.00    6.25   -0.25 (VIOLATED)
_36699_/I1                              6.00    6.25   -0.25 (VIOLATED)
_33209_/I1                              6.00    6.25   -0.25 (VIOLATED)
_37887_/I1                              6.00    6.25   -0.25 (VIOLATED)
_36812_/I1                              6.00    6.25   -0.25 (VIOLATED)
_40616_/I1                              6.00    6.25   -0.25 (VIOLATED)
_39893_/I1                              6.00    6.25   -0.25 (VIOLATED)
_34337_/I1                              6.00    6.24   -0.24 (VIOLATED)
_39902_/I1                              6.00    6.24   -0.24 (VIOLATED)
_35114_/I1                              6.00    6.24   -0.24 (VIOLATED)
_33587_/I1                              6.00    6.24   -0.24 (VIOLATED)
_36157_/I1                              6.00    6.24   -0.24 (VIOLATED)
_36166_/I1                              6.00    6.24   -0.24 (VIOLATED)
_34728_/I1                              6.00    6.23   -0.23 (VIOLATED)
_32097_/I1                              6.00    6.23   -0.23 (VIOLATED)
_36608_/I1                              6.00    6.23   -0.23 (VIOLATED)
_39623_/I1                              6.00    6.22   -0.22 (VIOLATED)
_40164_/I1                              6.00    6.22   -0.22 (VIOLATED)
_36075_/I1                              6.00    6.21   -0.21 (VIOLATED)
_36066_/I1                              6.00    6.21   -0.21 (VIOLATED)
_32530_/I1                              6.00    6.20   -0.20 (VIOLATED)
_33121_/I1                              6.00    6.20   -0.20 (VIOLATED)
_42069_/I1                              6.00    6.20   -0.20 (VIOLATED)
_37185_/I1                              6.00    6.20   -0.20 (VIOLATED)
_35897_/I1                              6.00    6.20   -0.20 (VIOLATED)
_35724_/I1                              6.00    6.20   -0.20 (VIOLATED)
_36256_/I1                              6.00    6.20   -0.20 (VIOLATED)
_36274_/I1                              6.00    6.20   -0.20 (VIOLATED)
_31959_/I1                              6.00    6.20   -0.20 (VIOLATED)
_37881_/I1                              6.00    6.20   -0.20 (VIOLATED)
_37457_/I1                              6.00    6.20   -0.20 (VIOLATED)
_36020_/I1                              6.00    6.20   -0.20 (VIOLATED)
_35689_/I1                              6.00    6.20   -0.20 (VIOLATED)
_33886_/I1                              6.00    6.20   -0.20 (VIOLATED)
_40200_/I1                              6.00    6.20   -0.20 (VIOLATED)
_35562_/I1                              6.00    6.20   -0.20 (VIOLATED)
_36247_/I1                              6.00    6.20   -0.20 (VIOLATED)
_34442_/I1                              6.00    6.19   -0.19 (VIOLATED)
_34158_/I1                              6.00    6.19   -0.19 (VIOLATED)
_34275_/I1                              6.00    6.19   -0.19 (VIOLATED)
_32033_/I1                              6.00    6.18   -0.18 (VIOLATED)
_32970_/I1                              6.00    6.18   -0.18 (VIOLATED)
_37067_/I1                              6.00    6.18   -0.18 (VIOLATED)
_40474_/I1                              6.00    6.18   -0.18 (VIOLATED)
_34452_/I1                              6.00    6.15   -0.15 (VIOLATED)
_33877_/I1                              6.00    6.13   -0.13 (VIOLATED)
_40125_/I1                              6.00    6.11   -0.11 (VIOLATED)
_38975_/I1                              6.00    6.11   -0.11 (VIOLATED)
_38786_/I1                              6.00    6.11   -0.11 (VIOLATED)
_39387_/I1                              6.00    6.11   -0.11 (VIOLATED)
_34702_/I1                              6.00    6.11   -0.11 (VIOLATED)
_31654_/I1                              6.00    6.11   -0.11 (VIOLATED)
_33013_/I1                              6.00    6.11   -0.11 (VIOLATED)
_40909_/I1                              6.00    6.10   -0.10 (VIOLATED)
_33383_/I1                              6.00    6.09   -0.09 (VIOLATED)
_35877_/I1                              6.00    6.08   -0.08 (VIOLATED)
_32201_/I1                              6.00    6.08   -0.08 (VIOLATED)
_32323_/I1                              6.00    6.08   -0.08 (VIOLATED)
_38605_/I1                              6.00    6.08   -0.08 (VIOLATED)
_34078_/I1                              6.00    6.06   -0.06 (VIOLATED)
_32851_/I1                              6.00    6.05   -0.05 (VIOLATED)
_36337_/I1                              6.00    6.05   -0.05 (VIOLATED)
_33987_/I1                              6.00    6.05   -0.05 (VIOLATED)
_38884_/I1                              6.00    6.05   -0.05 (VIOLATED)
_39310_/I1                              6.00    6.04   -0.04 (VIOLATED)
_33023_/I1                              6.00    6.02   -0.02 (VIOLATED)
_34241_/I1                              6.00    6.02   -0.02 (VIOLATED)


==========================================================================
finish max_slew_check_slack
--------------------------------------------------------------------------
-1.755563735961914

==========================================================================
finish max_slew_check_limit
--------------------------------------------------------------------------
6.0

==========================================================================
finish max_slew_check_slack_limit
--------------------------------------------------------------------------
-0.2926

==========================================================================
finish max_fanout_check_slack
--------------------------------------------------------------------------
1.0000000150474662e+30

==========================================================================
finish max_fanout_check_limit
--------------------------------------------------------------------------
1.0000000150474662e+30

==========================================================================
finish max_capacitance_check_slack
--------------------------------------------------------------------------
0.08894211798906326

==========================================================================
finish max_capacitance_check_limit
--------------------------------------------------------------------------
0.305400013923645

==========================================================================
finish max_capacitance_check_slack_limit
--------------------------------------------------------------------------
0.2912

==========================================================================
finish max_slew_violation_count
--------------------------------------------------------------------------
max slew violation count 492

==========================================================================
finish max_fanout_violation_count
--------------------------------------------------------------------------
max fanout violation count 0

==========================================================================
finish max_cap_violation_count
--------------------------------------------------------------------------
max cap violation count 0

==========================================================================
finish setup_violation_count
--------------------------------------------------------------------------
setup violation count 0

==========================================================================
finish hold_violation_count
--------------------------------------------------------------------------
hold violation count 0

==========================================================================
finish report_checks -path_delay max reg to reg
--------------------------------------------------------------------------
Startpoint: regfile_rst_n$_SDFFE_PP0P_
            (rising edge-triggered flip-flop clocked by clk)
Endpoint: regfile_inst.out[1]$_DFFE_PN0P_
          (recovery check against rising-edge clock clk)
Path Group: asynchronous
Path Type: max

  Delay    Time   Description
---------------------------------------------------------
   0.00    0.00   clock clk (rise edge)
   0.00    0.00   clock source latency
   0.00    0.00 ^ clk (in)
   0.49    0.49 ^ clkbuf_0_clk/Z (gf180mcu_fd_sc_mcu9t5v0__clkbuf_20)
   0.66    1.14 ^ clkbuf_2_0_0_clk/Z (gf180mcu_fd_sc_mcu9t5v0__clkbuf_20)
   0.83    1.98 ^ clkbuf_5_5_0_clk/Z (gf180mcu_fd_sc_mcu9t5v0__clkbuf_20)
   0.52    2.49 ^ clkbuf_leaf_295_clk/Z (gf180mcu_fd_sc_mcu9t5v0__clkbuf_20)
   0.00    2.49 ^ regfile_rst_n$_SDFFE_PP0P_/CLK (gf180mcu_fd_sc_mcu9t5v0__dffq_2)
   2.05    4.54 ^ regfile_rst_n$_SDFFE_PP0P_/Q (gf180mcu_fd_sc_mcu9t5v0__dffq_2)
   0.02    4.57 ^ regfile_inst.out[1]$_DFFE_PN0P_/RN (gf180mcu_fd_sc_mcu9t5v0__dffrnq_2)
           4.57   data arrival time

  20.00   20.00   clock clk (rise edge)
   0.00   20.00   clock source latency
   0.00   20.00 ^ clk (in)
   0.49   20.49 ^ clkbuf_0_clk/Z (gf180mcu_fd_sc_mcu9t5v0__clkbuf_20)
   0.64   21.12 ^ clkbuf_2_2_0_clk/Z (gf180mcu_fd_sc_mcu9t5v0__clkbuf_20)
   0.80   21.92 ^ clkbuf_5_18_0_clk/Z (gf180mcu_fd_sc_mcu9t5v0__clkbuf_20)
   0.51   22.43 ^ clkbuf_leaf_271_clk/Z (gf180mcu_fd_sc_mcu9t5v0__clkbuf_20)
   0.01   22.44 ^ regfile_inst.out[1]$_DFFE_PN0P_/CLK (gf180mcu_fd_sc_mcu9t5v0__dffrnq_2)
   0.00   22.44   clock reconvergence pessimism
  -0.27   22.16   library recovery time
          22.16   data required time
---------------------------------------------------------
          22.16   data required time
          -4.57   data arrival time
---------------------------------------------------------
          17.60   slack (MET)


Startpoint: reg_rd_addr[5]$_DFFE_PP_
            (rising edge-triggered flip-flop clocked by clk)
Endpoint: regfile_inst.out[4]$_DFFE_PN0P_
          (rising edge-triggered flip-flop clocked by clk)
Path Group: clk
Path Type: max

  Delay    Time   Description
---------------------------------------------------------
   0.00    0.00   clock clk (rise edge)
   0.00    0.00   clock source latency
   0.00    0.00 ^ clk (in)
   0.49    0.49 ^ clkbuf_0_clk/Z (gf180mcu_fd_sc_mcu9t5v0__clkbuf_20)
   0.64    1.12 ^ clkbuf_2_2_0_clk/Z (gf180mcu_fd_sc_mcu9t5v0__clkbuf_20)
   0.87    1.99 ^ clkbuf_5_16_0_clk/Z (gf180mcu_fd_sc_mcu9t5v0__clkbuf_20)
   0.55    2.55 ^ clkbuf_leaf_257_clk/Z (gf180mcu_fd_sc_mcu9t5v0__clkbuf_20)
   0.00    2.55 ^ reg_rd_addr[5]$_DFFE_PP_/CLK (gf180mcu_fd_sc_mcu9t5v0__dffq_2)
   3.03    5.58 ^ reg_rd_addr[5]$_DFFE_PP_/Q (gf180mcu_fd_sc_mcu9t5v0__dffq_2)
   0.64    6.22 ^ place2278/Z (gf180mcu_fd_sc_mcu9t5v0__buf_12)
   2.99    9.21 ^ _21689_/Z (gf180mcu_fd_sc_mcu9t5v0__and2_4)
   3.73   12.94 ^ _21853_/Z (gf180mcu_fd_sc_mcu9t5v0__and4_4)
   1.65   14.59 ^ _22983_/Z (gf180mcu_fd_sc_mcu9t5v0__and2_4)
   0.51   15.10 v _28551_/ZN (gf180mcu_fd_sc_mcu9t5v0__aoi22_2)
   0.67   15.77 ^ _28556_/ZN (gf180mcu_fd_sc_mcu9t5v0__nand4_2)
   0.59   16.36 ^ _28578_/Z (gf180mcu_fd_sc_mcu9t5v0__or4_2)
   0.98   17.34 ^ _28643_/Z (gf180mcu_fd_sc_mcu9t5v0__or4_4)
   0.82   18.15 v _28644_/ZN (gf180mcu_fd_sc_mcu9t5v0__nor4_4)
   0.91   19.06 v _28776_/Z (gf180mcu_fd_sc_mcu9t5v0__and4_4)
   0.90   19.96 ^ _28778_/ZN (gf180mcu_fd_sc_mcu9t5v0__aoi221_2)
   0.00   19.96 ^ regfile_inst.out[4]$_DFFE_PN0P_/D (gf180mcu_fd_sc_mcu9t5v0__dffrnq_2)
          19.96   data arrival time

  20.00   20.00   clock clk (rise edge)
   0.00   20.00   clock source latency
   0.00   20.00 ^ clk (in)
   0.49   20.49 ^ clkbuf_0_clk/Z (gf180mcu_fd_sc_mcu9t5v0__clkbuf_20)
   0.64   21.12 ^ clkbuf_2_2_0_clk/Z (gf180mcu_fd_sc_mcu9t5v0__clkbuf_20)
   0.80   21.92 ^ clkbuf_5_18_0_clk/Z (gf180mcu_fd_sc_mcu9t5v0__clkbuf_20)
   0.52   22.44 ^ clkbuf_leaf_270_clk/Z (gf180mcu_fd_sc_mcu9t5v0__clkbuf_20)
   0.00   22.44 ^ regfile_inst.out[4]$_DFFE_PN0P_/CLK (gf180mcu_fd_sc_mcu9t5v0__dffrnq_2)
   0.00   22.44   clock reconvergence pessimism
  -0.54   21.90   library setup time
          21.90   data required time
---------------------------------------------------------
          21.90   data required time
         -19.96   data arrival time
---------------------------------------------------------
           1.93   slack (MET)



==========================================================================
finish report_checks -path_delay min reg to reg
--------------------------------------------------------------------------
Startpoint: readout_buffer_rst_n$_SDFFE_PP0P_
            (rising edge-triggered flip-flop clocked by clk)
Endpoint: readout_buffer_inst.out_value[7]$_DFFE_PN0P_
          (removal check against rising-edge clock clk)
Path Group: asynchronous
Path Type: min

  Delay    Time   Description
---------------------------------------------------------
   0.00    0.00   clock clk (rise edge)
   0.00    0.00   clock source latency
   0.00    0.00 ^ clk (in)
   0.49    0.49 ^ clkbuf_0_clk/Z (gf180mcu_fd_sc_mcu9t5v0__clkbuf_20)
   0.66    1.14 ^ clkbuf_2_0_0_clk/Z (gf180mcu_fd_sc_mcu9t5v0__clkbuf_20)
   0.83    1.98 ^ clkbuf_5_5_0_clk/Z (gf180mcu_fd_sc_mcu9t5v0__clkbuf_20)
   0.52    2.49 ^ clkbuf_leaf_295_clk/Z (gf180mcu_fd_sc_mcu9t5v0__clkbuf_20)
   0.00    2.49 ^ readout_buffer_rst_n$_SDFFE_PP0P_/CLK (gf180mcu_fd_sc_mcu9t5v0__dffq_2)
   1.52    4.01 ^ readout_buffer_rst_n$_SDFFE_PP0P_/Q (gf180mcu_fd_sc_mcu9t5v0__dffq_2)
   0.00    4.02 ^ readout_buffer_inst.out_value[7]$_DFFE_PN0P_/RN (gf180mcu_fd_sc_mcu9t5v0__dffrnq_2)
           4.02   data arrival time

   0.00    0.00   clock clk (rise edge)
   0.00    0.00   clock source latency
   0.00    0.00 ^ clk (in)
   0.49    0.49 ^ clkbuf_0_clk/Z (gf180mcu_fd_sc_mcu9t5v0__clkbuf_20)
   0.64    1.12 ^ clkbuf_2_2_0_clk/Z (gf180mcu_fd_sc_mcu9t5v0__clkbuf_20)
   0.87    1.99 ^ clkbuf_5_16_0_clk/Z (gf180mcu_fd_sc_mcu9t5v0__clkbuf_20)
   0.55    2.54 ^ clkbuf_leaf_256_clk/Z (gf180mcu_fd_sc_mcu9t5v0__clkbuf_20)
   0.00    2.55 ^ readout_buffer_inst.out_value[7]$_DFFE_PN0P_/CLK (gf180mcu_fd_sc_mcu9t5v0__dffrnq_2)
   0.00    2.55   clock reconvergence pessimism
   0.81    3.35   library removal time
           3.35   data required time
---------------------------------------------------------
           3.35   data required time
          -4.02   data arrival time
---------------------------------------------------------
           0.66   slack (MET)


Startpoint: rst_sync[1]$_DFF_P_ (rising edge-triggered flip-flop clocked by clk)
Endpoint: rst_sync[0]$_SDFF_PN0_
          (rising edge-triggered flip-flop clocked by clk)
Path Group: clk
Path Type: min

  Delay    Time   Description
---------------------------------------------------------
   0.00    0.00   clock clk (rise edge)
   0.00    0.00   clock source latency
   0.00    0.00 ^ clk (in)
   0.49    0.49 ^ clkbuf_0_clk/Z (gf180mcu_fd_sc_mcu9t5v0__clkbuf_20)
   0.66    1.14 ^ clkbuf_2_0_0_clk/Z (gf180mcu_fd_sc_mcu9t5v0__clkbuf_20)
   0.80    1.95 ^ clkbuf_5_4_0_clk/Z (gf180mcu_fd_sc_mcu9t5v0__clkbuf_20)
   0.52    2.47 ^ clkbuf_leaf_300_clk/Z (gf180mcu_fd_sc_mcu9t5v0__clkbuf_20)
   0.00    2.47 ^ rst_sync[1]$_DFF_P_/CLK (gf180mcu_fd_sc_mcu9t5v0__dffq_2)
   1.00    3.47 v rst_sync[1]$_DFF_P_/Q (gf180mcu_fd_sc_mcu9t5v0__dffq_2)
   0.33    3.80 v _42284_/Z (gf180mcu_fd_sc_mcu9t5v0__and2_2)
   0.00    3.80 v rst_sync[0]$_SDFF_PN0_/D (gf180mcu_fd_sc_mcu9t5v0__dffq_2)
           3.80   data arrival time

   0.00    0.00   clock clk (rise edge)
   0.00    0.00   clock source latency
   0.00    0.00 ^ clk (in)
   0.49    0.49 ^ clkbuf_0_clk/Z (gf180mcu_fd_sc_mcu9t5v0__clkbuf_20)
   0.66    1.14 ^ clkbuf_2_0_0_clk/Z (gf180mcu_fd_sc_mcu9t5v0__clkbuf_20)
   0.80    1.95 ^ clkbuf_5_4_0_clk/Z (gf180mcu_fd_sc_mcu9t5v0__clkbuf_20)
   0.52    2.47 ^ clkbuf_leaf_300_clk/Z (gf180mcu_fd_sc_mcu9t5v0__clkbuf_20)
   0.00    2.47 ^ rst_sync[0]$_SDFF_PN0_/CLK (gf180mcu_fd_sc_mcu9t5v0__dffq_2)
   0.00    2.47   clock reconvergence pessimism
   0.22    2.69   library hold time
           2.69   data required time
---------------------------------------------------------
           2.69   data required time
          -3.80   data arrival time
---------------------------------------------------------
           1.11   slack (MET)



==========================================================================
finish critical path target clock latency max path
--------------------------------------------------------------------------
2.4650

==========================================================================
finish critical path target clock latency min path
--------------------------------------------------------------------------
2.4730

==========================================================================
finish critical path source clock latency min path
--------------------------------------------------------------------------
0.0000

==========================================================================
finish critical path delay
--------------------------------------------------------------------------
19.9617

==========================================================================
finish critical path slack
--------------------------------------------------------------------------
1.9341

==========================================================================
finish slack div critical path delay
--------------------------------------------------------------------------
9.689055

==========================================================================
finish report_power
--------------------------------------------------------------------------
Group                  Internal  Switching    Leakage      Total
                          Power      Power      Power      Power (Watts)
----------------------------------------------------------------
Sequential             4.03e-02   8.96e-05   7.65e-07   4.04e-02  52.2%
Combinational          4.32e-04   2.96e-03   6.41e-07   3.39e-03   4.4%
Clock                  1.56e-02   1.81e-02   5.26e-07   3.37e-02  43.5%
Macro                  0.00e+00   0.00e+00   0.00e+00   0.00e+00   0.0%
Pad                    0.00e+00   0.00e+00   0.00e+00   0.00e+00   0.0%
----------------------------------------------------------------
Total                  5.63e-02   2.12e-02   1.93e-06   7.75e-02 100.0%
                          72.7%      27.3%       0.0%
